Component: ARM Compiler 5.06 update 6 (build 750) Tool: armlink [4d35ed]

==============================================================================

Section Cross References

    main.o(i.StepperMotor_Sleep) refers to systick.o(i.delayMilliseconds) for delayMilliseconds
    main.o(i.StepperMotor_StepBackward) refers to systick.o(i.delayMilliseconds) for delayMilliseconds
    main.o(i.StepperMotor_StepForward) refers to systick.o(i.delayMilliseconds) for delayMilliseconds
    main.o(i.VL53L1X_Distance) refers to vl53l1x_api.o(i.VL53L1X_CheckForDataReady) for VL53L1X_CheckForDataReady
    main.o(i.VL53L1X_Distance) refers to vl53l1_platform.o(i.VL53L1_WaitMs) for VL53L1_WaitMs
    main.o(i.VL53L1X_Distance) refers to vl53l1x_api.o(i.VL53L1X_GetDistance) for VL53L1X_GetDistance
    main.o(i.VL53L1X_RangeInit) refers to _printf_percent.o(.ARM.Collect$$_printf_percent$$00000000) for _printf_percent
    main.o(i.VL53L1X_RangeInit) refers to _printf_d.o(.ARM.Collect$$_printf_percent$$00000009) for _printf_d
    main.o(i.VL53L1X_RangeInit) refers to _printf_dec.o(.text) for _printf_int_dec
    main.o(i.VL53L1X_RangeInit) refers to vl53l1x_api.o(i.VL53L1X_StartRanging) for VL53L1X_StartRanging
    main.o(i.VL53L1X_RangeInit) refers to noretval__2sprintf.o(.text) for __2sprintf
    main.o(i.VL53L1X_RangeInit) refers to uart.o(i.UART_printf) for UART_printf
    main.o(i.VL53L1X_RangeInit) refers to vl53l1x_api.o(i.VL53L1X_GetTimingBudgetInMs) for VL53L1X_GetTimingBudgetInMs
    main.o(i.VL53L1X_RangeInit) refers to vl53l1x_api.o(i.VL53L1X_GetInterMeasurementInMs) for VL53L1X_GetInterMeasurementInMs
    main.o(i.VL53L1X_RangeInit) refers to main.o(.bss) for printf_buffer
    main.o(i.VL53L1X_Setup) refers to _printf_percent.o(.ARM.Collect$$_printf_percent$$00000000) for _printf_percent
    main.o(i.VL53L1X_Setup) refers to _printf_x.o(.ARM.Collect$$_printf_percent$$0000000C) for _printf_x
    main.o(i.VL53L1X_Setup) refers to _printf_hex_int.o(.text) for _printf_longlong_hex
    main.o(i.VL53L1X_Setup) refers to _printf_d.o(.ARM.Collect$$_printf_percent$$00000009) for _printf_d
    main.o(i.VL53L1X_Setup) refers to _printf_dec.o(.text) for _printf_int_dec
    main.o(i.VL53L1X_Setup) refers to uart.o(i.UART_printf) for UART_printf
    main.o(i.VL53L1X_Setup) refers to vl53l1_platform.o(i.VL53L1_RdByte) for VL53L1_RdByte
    main.o(i.VL53L1X_Setup) refers to noretval__2sprintf.o(.text) for __2sprintf
    main.o(i.VL53L1X_Setup) refers to vl53l1x_api.o(i.VL53L1X_BootState) for VL53L1X_BootState
    main.o(i.VL53L1X_Setup) refers to systick.o(i.SysTick_Wait10ms) for SysTick_Wait10ms
    main.o(i.VL53L1X_Setup) refers to vl53l1x_api.o(i.VL53L1X_ClearInterrupt) for VL53L1X_ClearInterrupt
    main.o(i.VL53L1X_Setup) refers to vl53l1x_api.o(i.VL53L1X_SensorInit) for VL53L1X_SensorInit
    main.o(i.VL53L1X_Setup) refers to main.o(.bss) for printf_buffer
    main.o(i.VL53L1X_XSHUT) refers to systick.o(i.SysTick_Wait10ms) for SysTick_Wait10ms
    main.o(i.getData) refers to main.o(i.StepperMotor_StepForward) for StepperMotor_StepForward
    main.o(i.getData) refers to main.o(i.VL53L1X_Distance) for VL53L1X_Distance
    main.o(i.getData) refers to uart.o(i.UART_OutWord) for UART_OutWord
    main.o(i.getData) refers to systick.o(i.SysTick_Wait10ms) for SysTick_Wait10ms
    main.o(i.getData) refers to main.o(i.StepperMotor_StepBackward) for StepperMotor_StepBackward
    main.o(i.getData) refers to main.o(i.StepperMotor_Sleep) for StepperMotor_Sleep
    main.o(i.getData) refers to main.o(i.toggleLED_External) for toggleLED_External
    main.o(i.main) refers to main.o(i.setupGPIO) for setupGPIO
    main.o(i.main) refers to pll.o(i.PLL_Init) for PLL_Init
    main.o(i.main) refers to systick.o(i.SysTick_Init) for SysTick_Init
    main.o(i.main) refers to i2c.o(i.I2C_Init) for I2C_Init
    main.o(i.main) refers to uart.o(i.UART_Init) for UART_Init
    main.o(i.main) refers to main.o(i.toggleLED_External) for toggleLED_External
    main.o(i.main) refers to main.o(i.VL53L1X_Setup) for VL53L1X_Setup
    main.o(i.main) refers to main.o(i.VL53L1X_RangeInit) for VL53L1X_RangeInit
    main.o(i.main) refers to main.o(i.getData) for getData
    main.o(i.main) refers to systick.o(i.delayMilliseconds) for delayMilliseconds
    onboardleds.o(i.FlashAllLEDs) refers to systick.o(i.delayMilliseconds) for delayMilliseconds
    onboardleds.o(i.FlashI2CError) refers to onboardleds.o(i.FlashAllLEDs) for FlashAllLEDs
    onboardleds.o(i.FlashI2CRx) refers to onboardleds.o(i.FlashLED2) for FlashLED2
    onboardleds.o(i.FlashI2CTx) refers to onboardleds.o(i.FlashLED1) for FlashLED1
    onboardleds.o(i.FlashLED1) refers to systick.o(i.SysTick_Wait10ms) for SysTick_Wait10ms
    onboardleds.o(i.FlashLED2) refers to systick.o(i.SysTick_Wait10ms) for SysTick_Wait10ms
    onboardleds.o(i.FlashLED3) refers to systick.o(i.SysTick_Wait10ms) for SysTick_Wait10ms
    onboardleds.o(i.FlashLED4) refers to systick.o(i.SysTick_Wait10ms) for SysTick_Wait10ms
[...]
    ddiv.o(x$fpl$drdiv) refers (Special) to usenofp.o(x$fpl$usenofp) for __I$use$fp
    ddiv.o(x$fpl$drdiv) refers to ddiv.o(x$fpl$ddiv) for ddiv_entry
    ddiv.o(x$fpl$ddiv) refers (Special) to usenofp.o(x$fpl$usenofp) for __I$use$fp
    ddiv.o(x$fpl$ddiv) refers to dretinf.o(x$fpl$dretinf) for __fpl_dretinf
    ddiv.o(x$fpl$ddiv) refers to dnaninf.o(x$fpl$dnaninf) for __fpl_dnaninf
    dfixu.o(x$fpl$dfixu) refers (Special) to usenofp.o(x$fpl$usenofp) for __I$use$fp
    dfixu.o(x$fpl$dfixu) refers to dnaninf.o(x$fpl$dnaninf) for __fpl_dnaninf
    dfixu.o(x$fpl$dfixur) refers (Special) to usenofp.o(x$fpl$usenofp) for __I$use$fp
    dfixu.o(x$fpl$dfixur) refers to dnaninf.o(x$fpl$dnaninf) for __fpl_dnaninf
    dflt_clz.o(x$fpl$dfltu) refers (Special) to usenofp.o(x$fpl$usenofp) for __I$use$fp
    dflt_clz.o(x$fpl$dflt) refers (Special) to usenofp.o(x$fpl$usenofp) for __I$use$fp
    dflt_clz.o(x$fpl$dfltn) refers (Special) to usenofp.o(x$fpl$usenofp) for __I$use$fp
    dmul.o(x$fpl$dmul) refers (Special) to usenofp.o(x$fpl$usenofp) for __I$use$fp
    dmul.o(x$fpl$dmul) refers to dretinf.o(x$fpl$dretinf) for __fpl_dretinf
    dmul.o(x$fpl$dmul) refers to dnaninf.o(x$fpl$dnaninf) for __fpl_dnaninf
    __rtentry.o(.ARM.Collect$$rtentry$$00000000) refers (Special) to __rtentry2.o(.ARM.Collect$$rtentry$$0000000A) for __rt_entry_li
    __rtentry.o(.ARM.Collect$$rtentry$$00000000) refers (Special) to __rtentry2.o(.ARM.Collect$$rtentry$$0000000D) for __rt_entry_main
    __rtentry.o(.ARM.Collect$$rtentry$$00000000) refers (Special) to __rtentry2.o(.ARM.Collect$$rtentry$$0000000C) for __rt_entry_postli_1
    __rtentry.o(.ARM.Collect$$rtentry$$00000000) refers (Special) to __rtentry2.o(.ARM.Collect$$rtentry$$00000009) for __rt_entry_postsh_1
    __rtentry.o(.ARM.Collect$$rtentry$$00000000) refers (Special) to __rtentry2.o(.ARM.Collect$$rtentry$$00000002) for __rt_entry_presh_1
    __rtentry.o(.ARM.Collect$$rtentry$$00000000) refers (Special) to __rtentry4.o(.ARM.Collect$$rtentry$$00000004) for __rt_entry_sh
    _printf_intcommon.o(.text) refers (Weak) to _printf_pad.o(.text) for _printf_pre_padding
    _printf_intcommon.o(.text) refers (Weak) to _printf_pad.o(.text) for _printf_pre_padding
    _printf_intcommon.o(.text) refers (Weak) to _printf_pad.o(.text) for _printf_post_padding
    _printf_char_common.o(.text) refers to __printf_wp.o(.text) for __printf
    dnaninf.o(x$fpl$dnaninf) refers (Special) to usenofp.o(x$fpl$usenofp) for __I$use$fp
    dretinf.o(x$fpl$dretinf) refers (Special) to usenofp.o(x$fpl$usenofp) for __I$use$fp
    __rtentry2.o(.ARM.Collect$$rtentry$$00000008) refers to boardinit2.o(.text) for _platform_post_stackheap_init
    __rtentry2.o(.ARM.Collect$$rtentry$$0000000A) refers to libinit.o(.ARM.Collect$$libinit$$00000000) for __rt_lib_init
    __rtentry2.o(.ARM.Collect$$rtentry$$0000000B) refers to boardinit3.o(.text) for _platform_post_lib_init
    __rtentry2.o(.ARM.Collect$$rtentry$$0000000D) refers to main.o(i.main) for main
    __rtentry2.o(.ARM.Collect$$rtentry$$0000000D) refers to exit.o(.text) for exit
    __rtentry2.o(.ARM.exidx) refers to __rtentry2.o(.ARM.Collect$$rtentry$$00000001) for .ARM.Collect$$rtentry$$00000001
    __rtentry2.o(.ARM.exidx) refers to __rtentry2.o(.ARM.Collect$$rtentry$$00000008) for .ARM.Collect$$rtentry$$00000008
    __rtentry2.o(.ARM.exidx) refers to __rtentry2.o(.ARM.Collect$$rtentry$$0000000A) for .ARM.Collect$$rtentry$$0000000A
    __rtentry2.o(.ARM.exidx) refers to __rtentry2.o(.ARM.Collect$$rtentry$$0000000B) for .ARM.Collect$$rtentry$$0000000B
    __rtentry2.o(.ARM.exidx) refers to __rtentry2.o(.ARM.Collect$$rtentry$$0000000D) for .ARM.Collect$$rtentry$$0000000D
    __rtentry4.o(.ARM.Collect$$rtentry$$00000004) refers to sys_stackheap_outer.o(.text) for __user_setup_stackheap
    __rtentry4.o(.ARM.exidx) refers to __rtentry4.o(.ARM.Collect$$rtentry$$00000004) for .ARM.Collect$$rtentry$$00000004
    sys_stackheap_outer.o(.text) refers to libspace.o(.text) for __user_perproc_libspace
    sys_stackheap_outer.o(.text) refers to startup_msp432e401y_uvision.o(.text) for __user_initial_stackheap
    exit.o(.text) refers to rtexit.o(.ARM.Collect$$rtexit$$00000000) for __rt_exit
    libinit.o(.ARM.Collect$$libinit$$00000000) refers (Special) to libinit2.o(.ARM.Collect$$libinit$$0000002E) for __rt_lib_init_alloca_1
    libinit.o(.ARM.Collect$$libinit$$00000000) refers (Special) to libinit2.o(.ARM.Collect$$libinit$$0000002C) for __rt_lib_init_argv_1
    libinit.o(.ARM.Collect$$libinit$$00000000) refers (Special) to libinit2.o(.ARM.Collect$$libinit$$0000001B) for __rt_lib_init_atexit_1
    libinit.o(.ARM.Collect$$libinit$$00000000) refers (Special) to libinit2.o(.ARM.Collect$$libinit$$00000021) for __rt_lib_init_clock_1
    libinit.o(.ARM.Collect$$libinit$$00000000) refers (Special) to libinit2.o(.ARM.Collect$$libinit$$00000032) for __rt_lib_init_cpp_1
    libinit.o(.ARM.Collect$$libinit$$00000000) refers (Special) to libinit2.o(.ARM.Collect$$libinit$$00000030) for __rt_lib_init_exceptions_1
    libinit.o(.ARM.Collect$$libinit$$00000000) refers (Special) to libinit2.o(.ARM.Collect$$libinit$$00000001) for __rt_lib_init_fp_1
    libinit.o(.ARM.Collect$$libinit$$00000000) refers (Special) to libinit2.o(.ARM.Collect$$libinit$$0000001F) for __rt_lib_init_fp_trap_1
    libinit.o(.ARM.Collect$$libinit$$00000000) refers (Special) to libinit2.o(.ARM.Collect$$libinit$$00000023) for __rt_lib_init_getenv_1
    libinit.o(.ARM.Collect$$libinit$$00000000) refers (Special) to libinit2.o(.ARM.Collect$$libinit$$0000000A) for __rt_lib_init_heap_1
    libinit.o(.ARM.Collect$$libinit$$00000000) refers (Special) to libinit2.o(.ARM.Collect$$libinit$$00000011) for __rt_lib_init_lc_collate_1
    libinit.o(.ARM.Collect$$libinit$$00000000) refers (Special) to libinit2.o(.ARM.Collect$$libinit$$00000013) for __rt_lib_init_lc_ctype_1
    libinit.o(.ARM.Collect$$libinit$$00000000) refers (Special) to libinit2.o(.ARM.Collect$$libinit$$00000015) for __rt_lib_init_lc_monetary_1
    libinit.o(.ARM.Collect$$libinit$$00000000) refers (Special) to libinit2.o(.ARM.Collect$$libinit$$00000017) for __rt_lib_init_lc_numeric_1
    libinit.o(.ARM.Collect$$libinit$$00000000) refers (Special) to libinit2.o(.ARM.Collect$$libinit$$00000019) for __rt_lib_init_lc_time_1
    libinit.o(.ARM.Collect$$libinit$$00000000) refers (Special) to libinit2.o(.ARM.Collect$$libinit$$00000004) for __rt_lib_init_preinit_1
    libinit.o(.ARM.Collect$$libinit$$00000000) refers (Special) to libinit2.o(.ARM.Collect$$libinit$$0000000E) for __rt_lib_init_rand_1
    libinit.o(.ARM.Collect$$libinit$$00000000) refers (Special) to libinit2.o(.ARM.Collect$$libinit$$00000033) for __rt_lib_init_return
    libinit.o(.ARM.Collect$$libinit$$00000000) refers (Special) to libinit2.o(.ARM.Collect$$libinit$$0000001D) for __rt_lib_init_signal_1
    libinit.o(.ARM.Collect$$libinit$$00000000) refers (Special) to libinit2.o(.ARM.Collect$$libinit$$00000025) for __rt_lib_init_stdio_1
    libinit.o(.ARM.Collect$$libinit$$00000000) refers (Special) to libinit2.o(.ARM.Collect$$libinit$$0000000C) for __rt_lib_init_user_alloc_1
    libspace.o(.text) refers to libspace.o(.bss) for __libspace_start
    rtexit.o(.ARM.Collect$$rtexit$$00000000) refers (Special) to rtexit2.o(.ARM.Collect$$rtexit$$00000004) for __rt_exit_exit
    rtexit.o(.ARM.Collect$$rtexit$$00000000) refers (Special) to rtexit2.o(.ARM.Collect$$rtexit$$00000003) for __rt_exit_ls
    rtexit.o(.ARM.Collect$$rtexit$$00000000) refers (Special) to rtexit2.o(.ARM.Collect$$rtexit$$00000002) for __rt_exit_prels_1
    rtexit.o(.ARM.exidx) refers (Special) to rtexit2.o(.ARM.Collect$$rtexit$$00000004) for __rt_exit_exit
    rtexit.o(.ARM.exidx) refers (Special) to rtexit2.o(.ARM.Collect$$rtexit$$00000003) for __rt_exit_ls
    rtexit.o(.ARM.exidx) refers (Special) to rtexit2.o(.ARM.Collect$$rtexit$$00000002) for __rt_exit_prels_1
    rtexit.o(.ARM.exidx) refers to rtexit.o(.ARM.Collect$$rtexit$$00000000) for .ARM.Collect$$rtexit$$00000000
    libinit2.o(.ARM.Collect$$libinit$$00000001) refers to fpinit.o(x$fpl$fpinit) for _fp_init
    libinit2.o(.ARM.Collect$$libinit$$00000010) refers to libinit2.o(.ARM.Collect$$libinit$$0000000F) for .ARM.Collect$$libinit$$0000000F
    libinit2.o(.ARM.Collect$$libinit$$00000012) refers to libinit2.o(.ARM.Collect$$libinit$$0000000F) for .ARM.Collect$$libinit$$0000000F
    libinit2.o(.ARM.Collect$$libinit$$00000014) refers to libinit2.o(.ARM.Collect$$libinit$$0000000F) for .ARM.Collect$$libinit$$0000000F
    libinit2.o(.ARM.Collect$$libinit$$00000016) refers to libinit2.o(.ARM.Collect$$libinit$$0000000F) for .ARM.Collect$$libinit$$0000000F
    libinit2.o(.ARM.Collect$$libinit$$00000018) refers to libinit2.o(.ARM.Collect$$libinit$$0000000F) for .ARM.Collect$$libinit$$0000000F
    libinit2.o(.ARM.Collect$$libinit$$00000026) refers to argv_veneer.o(.emb_text) for __ARM_argv_veneer
    libinit2.o(.ARM.Collect$$libinit$$00000027) refers to argv_veneer.o(.emb_text) for __ARM_argv_veneer
    rtexit2.o(.ARM.Collect$$rtexit$$00000003) refers to libshutdown.o(.ARM.Collect$$libshutdown$$00000000) for __rt_lib_shutdown
    rtexit2.o(.ARM.Collect$$rtexit$$00000004) refers to sys_exit.o(.text) for _sys_exit
    rtexit2.o(.ARM.exidx) refers to rtexit2.o(.ARM.Collect$$rtexit$$00000001) for .ARM.Collect$$rtexit$$00000001
    rtexit2.o(.ARM.exidx) refers to rtexit2.o(.ARM.Collect$$rtexit$$00000003) for .ARM.Collect$$rtexit$$00000003
    rtexit2.o(.ARM.exidx) refers to rtexit2.o(.ARM.Collect$$rtexit$$00000004) for .ARM.Collect$$rtexit$$00000004
    argv_veneer.o(.emb_text) refers to no_argv.o(.text) for __ARM_get_argv
    sys_exit.o(.text) refers (Special) to use_no_semi.o(.text) for __I$use$semihosting
    sys_exit.o(.text) refers (Special) to indicate_semi.o(.text) for __semihosting_library_function
    _get_argv_nomalloc.o(.text) refers (Special) to hrguard.o(.text) for __heap_region$guard
    _get_argv_nomalloc.o(.text) refers to defsig_rtmem_outer.o(.text) for __rt_SIGRTMEM
    _get_argv_nomalloc.o(.text) refers to sys_command.o(.text) for _sys_command_string
    libshutdown.o(.ARM.Collect$$libshutdown$$00000000) refers (Special) to libshutdown2.o(.ARM.Collect$$libshutdown$$00000002) for __rt_lib_shutdown_cpp_1
    libshutdown.o(.ARM.Collect$$libshutdown$$00000000) refers (Special) to libshutdown2.o(.ARM.Collect$$libshutdown$$00000007) for __rt_lib_shutdown_fp_trap_1
    libshutdown.o(.ARM.Collect$$libshutdown$$00000000) refers (Special) to libshutdown2.o(.ARM.Collect$$libshutdown$$0000000F) for __rt_lib_shutdown_heap_1
    libshutdown.o(.ARM.Collect$$libshutdown$$00000000) refers (Special) to libshutdown2.o(.ARM.Collect$$libshutdown$$00000010) for __rt_lib_shutdown_return
    libshutdown.o(.ARM.Collect$$libshutdown$$00000000) refers (Special) to libshutdown2.o(.ARM.Collect$$libshutdown$$0000000A) for __rt_lib_shutdown_signal_1
    libshutdown.o(.ARM.Collect$$libshutdown$$00000000) refers (Special) to libshutdown2.o(.ARM.Collect$$libshutdown$$00000004) for __rt_lib_shutdown_stdio_1
    libshutdown.o(.ARM.Collect$$libshutdown$$00000000) refers (Special) to libshutdown2.o(.ARM.Collect$$libshutdown$$0000000C) for __rt_lib_shutdown_user_alloc_1
    sys_command.o(.text) refers (Special) to use_no_semi.o(.text) for __I$use$semihosting
    sys_command.o(.text) refers (Special) to indicate_semi.o(.text) for __semihosting_library_function
    defsig_rtmem_outer.o(.text) refers to defsig_rtmem_inner.o(.text) for __rt_SIGRTMEM_inner
    defsig_rtmem_outer.o(.text) refers to defsig_exit.o(.text) for __sig_exit
    defsig_rtmem_formal.o(.text) refers to rt_raise.o(.text) for __rt_raise
    rt_raise.o(.text) refers to __raise.o(.text) for __raise
    rt_raise.o(.text) refers to sys_exit.o(.text) for _sys_exit
    defsig_exit.o(.text) refers to sys_exit.o(.text) for _sys_exit
    defsig_rtmem_inner.o(.text) refers to defsig_general.o(.text) for __default_signal_display
    __raise.o(.text) refers to defsig.o(CL$$defsig) for __default_signal_handler
    defsig_general.o(.text) refers to sys_wrch.o(.text) for _ttywrch
    sys_wrch.o(.text) refers (Special) to use_no_semi.o(.text) for __I$use$semihosting
    sys_wrch.o(.text) refers (Special) to indicate_semi.o(.text) for __semihosting_library_function
    defsig.o(CL$$defsig) refers to defsig_rtmem_inner.o(.text) for __rt_SIGRTMEM_inner
    defsig_abrt_inner.o(.text) refers to defsig_general.o(.text) for __default_signal_display
    defsig_fpe_inner.o(.text) refers to defsig_general.o(.text) for __default_signal_display
    defsig_rtred_inner.o(.text) refers to defsig_general.o(.text) for __default_signal_display
    defsig_stak_inner.o(.text) refers to defsig_general.o(.text) for __default_signal_display
    defsig_pvfn_inner.o(.text) refers to defsig_general.o(.text) for __default_signal_display
    defsig_cppl_inner.o(.text) refers to defsig_general.o(.text) for __default_signal_display
    defsig_segv_inner.o(.text) refers to defsig_general.o(.text) for __default_signal_display
    defsig_other.o(.text) refers to defsig_general.o(.text) for __default_signal_display


==============================================================================

Removing Unused input sections from the image.

    Removing main.o(i.VL53L1X_XSHUT), (56 bytes).
    Removing main.o(i.toggleLED_OnBoard), (24 bytes).
    Removing onboardleds.o(i.FlashAllLEDs), (92 bytes).
    Removing onboardleds.o(i.FlashI2CError), (20 bytes).
    Removing onboardleds.o(i.FlashI2CRx), (10 bytes).
    Removing onboardleds.o(i.FlashI2CTx), (10 bytes).
    Removing onboardleds.o(i.FlashLED1), (68 bytes).
    Removing onboardleds.o(i.FlashLED2), (68 bytes).
    Removing onboardleds.o(i.FlashLED3), (68 bytes).
    Removing onboardleds.o(i.FlashLED4), (68 bytes).
    Removing onboardleds.o(i.onboardLEDs_Init), (196 bytes).
    Removing uart.o(i.UART_InChar), (28 bytes).
    Removing vl53l1_platform.o(i.VL53L1_ReadMulti), (50 bytes).
    Removing vl53l1_platform.o(i.VL53L1_WrDWord), (30 bytes).
    Removing vl53l1_platform.o(i.VL53L1_WrWord), (48 bytes).
    Removing vl53l1_platform.o(i.VL53L1_WriteMulti), (34 bytes).
    Removing vl53l1_platform.o(.bss), (256 bytes).
    Removing vl53l1x_api.o(i.VL53L1X_GetAmbientPerSpad), (120 bytes).
    Removing vl53l1x_api.o(i.VL53L1X_GetAmbientRate), (38 bytes).
    Removing vl53l1x_api.o(i.VL53L1X_GetDistanceMode), (48 bytes).
    Removing vl53l1x_api.o(i.VL53L1X_GetDistanceThresholdHigh), (30 bytes).
    Removing vl53l1x_api.o(i.VL53L1X_GetDistanceThresholdLow), (30 bytes).
    Removing vl53l1x_api.o(i.VL53L1X_GetDistanceThresholdWindow), (34 bytes).
    Removing vl53l1x_api.o(i.VL53L1X_GetOffset), (54 bytes).
    Removing vl53l1x_api.o(i.VL53L1X_GetROICenter), (30 bytes).
    Removing vl53l1x_api.o(i.VL53L1X_GetROI_XY), (50 bytes).
    Removing vl53l1x_api.o(i.VL53L1X_GetRangeStatus), (60 bytes).
    Removing vl53l1x_api.o(i.VL53L1X_GetResult), (120 bytes).
    Removing vl53l1x_api.o(i.VL53L1X_GetSWVersion), (18 bytes).
    Removing vl53l1x_api.o(i.VL53L1X_GetSensorId), (36 bytes).
    Removing vl53l1x_api.o(i.VL53L1X_GetSigmaThreshold), (32 bytes).
    Removing vl53l1x_api.o(i.VL53L1X_GetSignalPerSpad), (120 bytes).
    Removing vl53l1x_api.o(i.VL53L1X_GetSignalRate), (38 bytes).
    Removing vl53l1x_api.o(i.VL53L1X_GetSignalThreshold), (38 bytes).
    Removing vl53l1x_api.o(i.VL53L1X_GetSpadNb), (32 bytes).
    Removing vl53l1x_api.o(i.VL53L1X_GetXtalk), (38 bytes).
    Removing vl53l1x_api.o(i.VL53L1X_SetDistanceMode), (214 bytes).
    Removing vl53l1x_api.o(i.VL53L1X_SetDistanceThreshold), (130 bytes).
    Removing vl53l1x_api.o(i.VL53L1X_SetI2CAddress), (24 bytes).
    Removing vl53l1x_api.o(i.VL53L1X_SetInterMeasurementInMs), (104 bytes).
    Removing vl53l1x_api.o(i.VL53L1X_SetInterruptPolarity), (60 bytes).
    Removing vl53l1x_api.o(i.VL53L1X_SetOffset), (50 bytes).
    Removing vl53l1x_api.o(i.VL53L1X_SetROI), (86 bytes).
    Removing vl53l1x_api.o(i.VL53L1X_SetROICenter), (24 bytes).
    Removing vl53l1x_api.o(i.VL53L1X_SetSigmaThreshold), (40 bytes).
    Removing vl53l1x_api.o(i.VL53L1X_SetSignalThreshold), (22 bytes).
    Removing vl53l1x_api.o(i.VL53L1X_SetTimingBudgetInMs), (434 bytes).
    Removing vl53l1x_api.o(i.VL53L1X_SetXtalk), (64 bytes).
    Removing vl53l1x_api.o(i.VL53L1X_StartTemperatureUpdate), (110 bytes).
    Removing vl53l1x_api.o(.bss), (1023 bytes).
    Removing system_msp432e401y.o(.rev16_text), (4 bytes).
    Removing system_msp432e401y.o(.revsh_text), (4 bytes).
    Removing system_msp432e401y.o(.rrx_text), (6 bytes).
    Removing system_msp432e401y.o(i.SystemCoreClockUpdate), (240 bytes).

54 unused section(s) (total 4731 bytes) removed from the image.

==============================================================================

Image Symbol Table

    Local Symbols

    Symbol Name                              Value     Ov Type        Size  Object(Section)

    RESET                                    0x00000000   Section      508  startup_msp432e401y_uvision.o(RESET)
    ../clib/angel/boardlib.s                 0x00000000   Number         0  boardshut.o ABSOLUTE
    ../clib/angel/boardlib.s                 0x00000000   Number         0  boardinit3.o ABSOLUTE
    ../clib/angel/boardlib.s                 0x00000000   Number         0  boardinit2.o ABSOLUTE
    ../clib/angel/boardlib.s                 0x00000000   Number         0  boardinit1.o ABSOLUTE
    ../clib/angel/handlers.s                 0x00000000   Number         0  __scatter_zi.o ABSOLUTE
    ../clib/angel/handlers.s                 0x00000000   Number         0  __scatter_copy.o ABSOLUTE
    ../clib/angel/kernel.s                   0x00000000   Number         0  __rtentry4.o ABSOLUTE
    ../clib/angel/kernel.s                   0x00000000   Number         0  __rtentry2.o ABSOLUTE
    ../clib/angel/kernel.s                   0x00000000   Number         0  rtexit2.o ABSOLUTE
    ../clib/angel/kernel.s                   0x00000000   Number         0  __rtentry.o ABSOLUTE
    ../clib/angel/kernel.s                   0x00000000   Number         0  rtexit.o ABSOLUTE
    ../clib/angel/rt.s                       0x00000000   Number         0  rt_raise.o ABSOLUTE
    ../clib/angel/scatter.s                  0x00000000   Number         0  __scatter.o ABSOLUTE
    ../clib/angel/startup.s                  0x00000000   Number         0  __main.o ABSOLUTE
    ../clib/angel/sys.s                      0x00000000   Number         0  sys_stackheap_outer.o ABSOLUTE
    ../clib/angel/sys.s                      0x00000000   Number         0  use_no_semi.o ABSOLUTE
    ../clib/angel/sys.s                      0x00000000   Number         0  indicate_semi.o ABSOLUTE
    ../clib/angel/sys.s                      0x00000000   Number         0  libspace.o ABSOLUTE
    ../clib/angel/sysapp.c                   0x00000000   Number         0  sys_exit.o ABSOLUTE
    ../clib/angel/sysapp.c                   0x00000000   Number         0  sys_wrch.o ABSOLUTE
    ../clib/angel/sysapp.c                   0x00000000   Number         0  sys_command.o ABSOLUTE
    ../clib/armsys.c                         0x00000000   Number         0  _get_argv_nomalloc.o ABSOLUTE
    ../clib/armsys.c                         0x00000000   Number         0  no_argv.o ABSOLUTE
    ../clib/armsys.c                         0x00000000   Number         0  argv_veneer.o ABSOLUTE
    ../clib/armsys.c                         0x00000000   Number         0  argv_veneer.o ABSOLUTE
    ../clib/heapalloc.c                      0x00000000   Number         0  hrguard.o ABSOLUTE
    ../clib/heapaux.c                        0x00000000   Number         0  heapauxi.o ABSOLUTE
    ../clib/libinit.s                        0x00000000   Number         0  libshutdown.o ABSOLUTE
    ../clib/libinit.s                        0x00000000   Number         0  libinit.o ABSOLUTE
    ../clib/libinit.s                        0x00000000   Number         0  libinit2.o ABSOLUTE
    ../clib/libinit.s                        0x00000000   Number         0  libshutdown2.o ABSOLUTE
    ../clib/misc.s                           0x00000000   Number         0  printf_stubs.o ABSOLUTE
    ../clib/printf.c                         0x00000000   Number         0  __printf.o ABSOLUTE
    ../clib/printf.c                         0x00000000   Number         0  _printf_hex_int_ptr.o ABSOLUTE
    ../clib/printf.c                         0x00000000   Number         0  noretval__2sprintf.o ABSOLUTE
    ../clib/printf.c                         0x00000000   Number         0  _printf_dec.o ABSOLUTE
    ../clib/printf.c                         0x00000000   Number         0  __2sprintf.o ABSOLUTE
    ../clib/printf.c                         0x00000000   Number         0  _printf_hex_ll.o ABSOLUTE
    ../clib/printf.c                         0x00000000   Number         0  _printf_hex_int.o ABSOLUTE
    ../clib/printf.c                         0x00000000   Number         0  _sputc.o ABSOLUTE
    ../clib/printf.c                         0x00000000   Number         0  _printf_char_common.o ABSOLUTE
    ../clib/printf.c                         0x00000000   Number         0  _printf_intcommon.o ABSOLUTE
    ../clib/printf.c                         0x00000000   Number         0  __printf_nopercent.o ABSOLUTE
    ../clib/printf.c                         0x00000000   Number         0  _printf_hex_int_ll.o ABSOLUTE
    ../clib/printf.c                         0x00000000   Number         0  _printf_hex_ptr.o ABSOLUTE
    ../clib/printf.c                         0x00000000   Number         0  _printf_hex_ll_ptr.o ABSOLUTE
    ../clib/printf.c                         0x00000000   Number         0  _printf_hex_int_ll_ptr.o ABSOLUTE
    ../clib/printf.c                         0x00000000   Number         0  __printf_flags.o ABSOLUTE
    ../clib/printf.c                         0x00000000   Number         0  __printf_ss.o ABSOLUTE
    ../clib/printf.c                         0x00000000   Number         0  __printf_flags_ss.o ABSOLUTE
    ../clib/printf.c                         0x00000000   Number         0  __printf_wp.o ABSOLUTE
    ../clib/printf.c                         0x00000000   Number         0  _printf_pad.o ABSOLUTE
    ../clib/printf.c                         0x00000000   Number         0  __printf_flags_wp.o ABSOLUTE
    ../clib/printf.c                         0x00000000   Number         0  __printf_ss_wp.o ABSOLUTE
    ../clib/printf.c                         0x00000000   Number         0  __printf_flags_ss_wp.o ABSOLUTE
    ../clib/printf_percent.s                 0x00000000   Number         0  _printf_percent.o ABSOLUTE
    ../clib/printf_percent.s                 0x00000000   Number         0  _printf_d.o ABSOLUTE
    ../clib/printf_percent.s                 0x00000000   Number         0  _printf_percent_end.o ABSOLUTE
    ../clib/printf_percent.s                 0x00000000   Number         0  _printf_x.o ABSOLUTE
    ../clib/signal.c                         0x00000000   Number         0  __raise.o ABSOLUTE
    ../clib/signal.c                         0x00000000   Number         0  defsig_rtmem_inner.o ABSOLUTE
    ../clib/signal.c                         0x00000000   Number         0  defsig_exit.o ABSOLUTE
    ../clib/signal.c                         0x00000000   Number         0  defsig_stak_inner.o ABSOLUTE
    ../clib/signal.c                         0x00000000   Number         0  defsig_rtmem_outer.o ABSOLUTE
    ../clib/signal.c                         0x00000000   Number         0  defsig_rtmem_formal.o ABSOLUTE
    ../clib/signal.c                         0x00000000   Number         0  defsig_other.o ABSOLUTE
    ../clib/signal.c                         0x00000000   Number         0  defsig_segv_inner.o ABSOLUTE
    ../clib/signal.c                         0x00000000   Number         0  defsig_cppl_inner.o ABSOLUTE
    ../clib/signal.c                         0x00000000   Number         0  defsig_pvfn_inner.o ABSOLUTE
    ../clib/signal.c                         0x00000000   Number         0  defsig_rtred_inner.o ABSOLUTE
    ../clib/signal.c                         0x00000000   Number         0  defsig_fpe_inner.o ABSOLUTE
    ../clib/signal.c                         0x00000000   Number         0  defsig_abrt_inner.o ABSOLUTE
    ../clib/signal.c                         0x00000000   Number         0  defsig_general.o ABSOLUTE
    ../clib/signal.s                         0x00000000   Number         0  defsig.o ABSOLUTE
    ../clib/stdlib.c                         0x00000000   Number         0  exit.o ABSOLUTE
    ../fplib/ddiv.s                          0x00000000   Number         0  ddiv.o ABSOLUTE
    ../fplib/dfixu.s                         0x00000000   Number         0  dfixu.o ABSOLUTE
    ../fplib/dflt.s                          0x00000000   Number         0  dflt_clz.o ABSOLUTE
    ../fplib/dmul.s                          0x00000000   Number         0  dmul.o ABSOLUTE
    ../fplib/dnaninf.s                       0x00000000   Number         0  dnaninf.o ABSOLUTE
    ../fplib/dretinf.s                       0x00000000   Number         0  dretinf.o ABSOLUTE
    ../fplib/fpinit.s                        0x00000000   Number         0  fpinit.o ABSOLUTE
    ../fplib/usenofp.s                       0x00000000   Number         0  usenofp.o ABSOLUTE
    I2C.c                                    0x00000000   Number         0  i2c.o ABSOLUTE
    PLL.c                                    0x00000000   Number         0  pll.o ABSOLUTE
    RTE\Device\MSP432E401Y\startup_msp432e401y_uvision.s 0x00000000   Number         0  startup_msp432e401y_uvision.o ABSOLUTE
    RTE\Device\MSP432E401Y\system_msp432e401y.c 0x00000000   Number         0  system_msp432e401y.o ABSOLUTE
    RTE\\Device\\MSP432E401Y\\system_msp432e401y.c 0x00000000   Number         0  system_msp432e401y.o ABSOLUTE
    SysTick.c                                0x00000000   Number         0  systick.o ABSOLUTE
    VL53L1X_api.c                            0x00000000   Number         0  vl53l1x_api.o ABSOLUTE
    dc.s                                     0x00000000   Number         0  dc.o ABSOLUTE
    main.c                                   0x00000000   Number         0  main.o ABSOLUTE
    onboardLEDs.c                            0x00000000   Number         0  onboardleds.o ABSOLUTE
    uart.c                                   0x00000000   Number         0  uart.o ABSOLUTE
    vl53l1_platform.c                        0x00000000   Number         0  vl53l1_platform.o ABSOLUTE
    !!!main                                  0x000001fc   Section        8  __main.o(!!!main)
    !!!scatter                               0x00000204   Section       52  __scatter.o(!!!scatter)
    !!handler_copy                           0x00000238   Section       26  __scatter_copy.o(!!handler_copy)
    !!handler_zi                             0x00000254   Section       28  __scatter_zi.o(!!handler_zi)
    .ARM.Collect$$_printf_percent$$00000000  0x00000270   Section        0  _printf_percent.o(.ARM.Collect$$_printf_percent$$00000000)
    .ARM.Collect$$_printf_percent$$00000009  0x00000270   Section        6  _printf_d.o(.ARM.Collect$$_printf_percent$$00000009)
    .ARM.Collect$$_printf_percent$$0000000C  0x00000276   Section        6  _printf_x.o(.ARM.Collect$$_printf_percent$$0000000C)
    .ARM.Collect$$_printf_percent$$00000017  0x0000027c   Section        4  _printf_percent_end.o(.ARM.Collect$$_printf_percent$$00000017)
    .ARM.Collect$$libinit$$00000000          0x00000280   Section        2  libinit.o(.ARM.Collect$$libinit$$00000000)
    .ARM.Collect$$libinit$$00000001          0x00000282   Section        4  libinit2.o(.ARM.Collect$$libinit$$00000001)
    .ARM.Collect$$libinit$$00000004          0x00000286   Section        0  libinit2.o(.ARM.Collect$$libinit$$00000004)
    .ARM.Collect$$libinit$$0000000A          0x00000286   Section        0  libinit2.o(.ARM.Collect$$libinit$$0000000A)
    .ARM.Collect$$libinit$$0000000C          0x00000286   Section        0  libinit2.o(.ARM.Collect$$libinit$$0000000C)
    .ARM.Collect$$libinit$$0000000E          0x00000286   Section        0  libinit2.o(.ARM.Collect$$libinit$$0000000E)
    .ARM.Collect$$libinit$$00000011          0x00000286   Section        0  libinit2.o(.ARM.Collect$$libinit$$00000011)
    .ARM.Collect$$libinit$$00000013          0x00000286   Section        0  libinit2.o(.ARM.Collect$$libinit$$00000013)
    .ARM.Collect$$libinit$$00000015          0x00000286   Section        0  libinit2.o(.ARM.Collect$$libinit$$00000015)
    .ARM.Collect$$libinit$$00000017          0x00000286   Section        0  libinit2.o(.ARM.Collect$$libinit$$00000017)
    .ARM.Collect$$libinit$$00000019          0x00000286   Section        0  libinit2.o(.ARM.Collect$$libinit$$00000019)
    .ARM.Collect$$libinit$$0000001B          0x00000286   Section        0  libinit2.o(.ARM.Collect$$libinit$$0000001B)
    .ARM.Collect$$libinit$$0000001D          0x00000286   Section        0  libinit2.o(.ARM.Collect$$libinit$$0000001D)
    .ARM.Collect$$libinit$$0000001F          0x00000286   Section        0  libinit2.o(.ARM.Collect$$libinit$$0000001F)
    .ARM.Collect$$libinit$$00000021          0x00000286   Section        0  libinit2.o(.ARM.Collect$$libinit$$00000021)
    .ARM.Collect$$libinit$$00000023          0x00000286   Section        0  libinit2.o(.ARM.Collect$$libinit$$00000023)
    .ARM.Collect$$libinit$$00000025          0x00000286   Section        0  libinit2.o(.ARM.Collect$$libinit$$00000025)
    .ARM.Collect$$libinit$$0000002C          0x00000286   Section        0  libinit2.o(.ARM.Collect$$libinit$$0000002C)
    .ARM.Collect$$libinit$$0000002E          0x00000286   Section        0  libinit2.o(.ARM.Collect$$libinit$$0000002E)
    .ARM.Collect$$libinit$$00000030          0x00000286   Section        0  libinit2.o(.ARM.Collect$$libinit$$00000030)
    .ARM.Collect$$libinit$$00000032          0x00000286   Section        0  libinit2.o(.ARM.Collect$$libinit$$00000032)
    .ARM.Collect$$libinit$$00000033          0x00000286   Section        2  libinit2.o(.ARM.Collect$$libinit$$00000033)
    .ARM.Collect$$libshutdown$$00000000      0x00000288   Section        2  libshutdown.o(.ARM.Collect$$libshutdown$$00000000)
    .ARM.Collect$$libshutdown$$00000002      0x0000028a   Section        0  libshutdown2.o(.ARM.Collect$$libshutdown$$00000002)
    .ARM.Collect$$libshutdown$$00000004      0x0000028a   Section        0  libshutdown2.o(.ARM.Collect$$libshutdown$$00000004)
    .ARM.Collect$$libshutdown$$00000007      0x0000028a   Section        0  libshutdown2.o(.ARM.Collect$$libshutdown$$00000007)
    .ARM.Collect$$libshutdown$$0000000A      0x0000028a   Section        0  libshutdown2.o(.ARM.Collect$$libshutdown$$0000000A)
    .ARM.Collect$$libshutdown$$0000000C      0x0000028a   Section        0  libshutdown2.o(.ARM.Collect$$libshutdown$$0000000C)
    .ARM.Collect$$libshutdown$$0000000F      0x0000028a   Section        0  libshutdown2.o(.ARM.Collect$$libshutdown$$0000000F)
    .ARM.Collect$$libshutdown$$00000010      0x0000028a   Section        2  libshutdown2.o(.ARM.Collect$$libshutdown$$00000010)
    .ARM.Collect$$rtentry$$00000000          0x0000028c   Section        0  __rtentry.o(.ARM.Collect$$rtentry$$00000000)
    .ARM.Collect$$rtentry$$00000002          0x0000028c   Section        0  __rtentry2.o(.ARM.Collect$$rtentry$$00000002)
    .ARM.Collect$$rtentry$$00000004          0x0000028c   Section        6  __rtentry4.o(.ARM.Collect$$rtentry$$00000004)
    .ARM.Collect$$rtentry$$00000009          0x00000292   Section        0  __rtentry2.o(.ARM.Collect$$rtentry$$00000009)
    .ARM.Collect$$rtentry$$0000000A          0x00000292   Section        4  __rtentry2.o(.ARM.Collect$$rtentry$$0000000A)
    .ARM.Collect$$rtentry$$0000000C          0x00000296   Section        0  __rtentry2.o(.ARM.Collect$$rtentry$$0000000C)
    .ARM.Collect$$rtentry$$0000000D          0x00000296   Section        8  __rtentry2.o(.ARM.Collect$$rtentry$$0000000D)
    .ARM.Collect$$rtexit$$00000000           0x0000029e   Section        2  rtexit.o(.ARM.Collect$$rtexit$$00000000)
    .ARM.Collect$$rtexit$$00000002           0x000002a0   Section        0  rtexit2.o(.ARM.Collect$$rtexit$$00000002)
    .ARM.Collect$$rtexit$$00000003           0x000002a0   Section        4  rtexit2.o(.ARM.Collect$$rtexit$$00000003)
    .ARM.Collect$$rtexit$$00000004           0x000002a4   Section        6  rtexit2.o(.ARM.Collect$$rtexit$$00000004)
    .text                                    0x000002ac   Section       60  startup_msp432e401y_uvision.o(.text)
    $v0                                      0x000002ac   Number         0  startup_msp432e401y_uvision.o(.text)
    .text                                    0x000002e8   Section        0  noretval__2sprintf.o(.text)
    .text                                    0x00000310   Section        0  _printf_pad.o(.text)
    .text                                    0x00000360   Section        0  _printf_dec.o(.text)
    .text                                    0x000003d8   Section        0  _printf_hex_int.o(.text)
    .text                                    0x00000430   Section        0  __printf_wp.o(.text)
    .text                                    0x0000053e   Section        0  heapauxi.o(.text)
    .text                                    0x00000544   Section        0  _printf_intcommon.o(.text)
    .text                                    0x000005f8   Section        0  _printf_char_common.o(.text)
    _printf_input_char                       0x000005f9   Thumb Code    10  _printf_char_common.o(.text)
    .text                                    0x00000628   Section        0  _sputc.o(.text)
    .text                                    0x00000632   Section       74  sys_stackheap_outer.o(.text)
    .text                                    0x0000067c   Section        0  exit.o(.text)
    .text                                    0x00000690   Section        8  libspace.o(.text)
    .text                                    0x00000698   Section        0  sys_exit.o(.text)
    .text                                    0x000006a4   Section        2  use_no_semi.o(.text)
    .text                                    0x000006a6   Section        0  indicate_semi.o(.text)
    i.I2C_Init                               0x000006a8   Section        0  i2c.o(i.I2C_Init)
    i.PLL_Init                               0x00000734   Section        0  pll.o(i.PLL_Init)
    i.Status_Check                           0x00000854   Section        0  uart.o(i.Status_Check)
    i.StepperMotor_Sleep                     0x000008ac   Section        0  main.o(i.StepperMotor_Sleep)
    i.StepperMotor_StepBackward              0x000008c0   Section        0  main.o(i.StepperMotor_StepBackward)
    i.StepperMotor_StepForward               0x00000900   Section        0  main.o(i.StepperMotor_StepForward)
    i.SysTick_Init                           0x00000940   Section        0  systick.o(i.SysTick_Init)
    i.SysTick_Wait                           0x00000958   Section        0  systick.o(i.SysTick_Wait)
    i.SysTick_Wait10ms                       0x00000978   Section        0  systick.o(i.SysTick_Wait10ms)
    i.SystemInit                             0x00000994   Section        0  system_msp432e401y.o(i.SystemInit)
    i.UART_Init                              0x000009b4   Section        0  uart.o(i.UART_Init)
    i.UART_OutChar                           0x00000a80   Section        0  uart.o(i.UART_OutChar)
    i.UART_OutWord                           0x00000a98   Section        0  uart.o(i.UART_OutWord)
    i.UART_printf                            0x00000ab8   Section        0  uart.o(i.UART_printf)
    i.VL53L1X_BootState                      0x00000ad0   Section        0  vl53l1x_api.o(i.VL53L1X_BootState)
    i.VL53L1X_CheckForDataReady              0x00000af2   Section        0  vl53l1x_api.o(i.VL53L1X_CheckForDataReady)
    i.VL53L1X_ClearInterrupt                 0x00000b30   Section        0  vl53l1x_api.o(i.VL53L1X_ClearInterrupt)
    i.VL53L1X_Distance                       0x00000b46   Section        0  main.o(i.VL53L1X_Distance)
    i.VL53L1X_GetDistance                    0x00000b78   Section        0  vl53l1x_api.o(i.VL53L1X_GetDistance)
    i.VL53L1X_GetInterMeasurementInMs        0x00000b98   Section        0  vl53l1x_api.o(i.VL53L1X_GetInterMeasurementInMs)
    i.VL53L1X_GetInterruptPolarity           0x00000c18   Section        0  vl53l1x_api.o(i.VL53L1X_GetInterruptPolarity)
    i.VL53L1X_GetTimingBudgetInMs            0x00000c4a   Section        0  vl53l1x_api.o(i.VL53L1X_GetTimingBudgetInMs)
    i.VL53L1X_RangeInit                      0x00000cf8   Section        0  main.o(i.VL53L1X_RangeInit)
    i.VL53L1X_SensorInit                     0x00000ddc   Section        0  vl53l1x_api.o(i.VL53L1X_SensorInit)
    i.VL53L1X_Setup                          0x00000ed8   Section        0  main.o(i.VL53L1X_Setup)
    i.VL53L1X_StartRanging                   0x00001014   Section        0  vl53l1x_api.o(i.VL53L1X_StartRanging)
    i.VL53L1X_StopRanging                    0x0000102a   Section        0  vl53l1x_api.o(i.VL53L1X_StopRanging)
    i.VL53L1_RdByte                          0x00001040   Section        0  vl53l1_platform.o(i.VL53L1_RdByte)
    i.VL53L1_RdDWord                         0x00001064   Section        0  vl53l1_platform.o(i.VL53L1_RdDWord)
    i.VL53L1_RdWord                          0x000010ba   Section        0  vl53l1_platform.o(i.VL53L1_RdWord)
    i.VL53L1_WaitMs                          0x000010f4   Section        0  vl53l1_platform.o(i.VL53L1_WaitMs)
    i.VL53L1_WrByte                          0x00001114   Section        0  vl53l1_platform.o(i.VL53L1_WrByte)
    i._is_digit                              0x00001132   Section        0  __printf_wp.o(i._is_digit)
    i.beginRxI2C                             0x00001140   Section        0  vl53l1_platform.o(i.beginRxI2C)
    i.beginTxI2C                             0x0000115c   Section        0  vl53l1_platform.o(i.beginTxI2C)
    i.delayMilliseconds                      0x00001178   Section        0  systick.o(i.delayMilliseconds)
    i.getData                                0x00001194   Section        0  main.o(i.getData)
    i.main                                   0x00001214   Section        0  main.o(i.main)
    i.readI2C                                0x00001250   Section        0  vl53l1_platform.o(i.readI2C)
    i.setupGPIO                              0x00001290   Section        0  main.o(i.setupGPIO)
    i.toggleLED_External                     0x000013e0   Section        0  main.o(i.toggleLED_External)
    i.writeI2C                               0x000013f8   Section        0  vl53l1_platform.o(i.writeI2C)
    i.writeRegisterIndex                     0x00001484   Section        0  vl53l1_platform.o(i.writeRegisterIndex)
    i.writeRegisterIndex_nostop              0x000014f8   Section        0  vl53l1_platform.o(i.writeRegisterIndex_nostop)
    x$fpl$ddiv                               0x0000156c   Section      688  ddiv.o(x$fpl$ddiv)
    $v0                                      0x0000156c   Number         0  ddiv.o(x$fpl$ddiv)
    ddiv_entry                               0x00001573   Thumb Code     0  ddiv.o(x$fpl$ddiv)
    x$fpl$dfixu                              0x0000181c   Section       90  dfixu.o(x$fpl$dfixu)
    $v0                                      0x0000181c   Number         0  dfixu.o(x$fpl$dfixu)
    x$fpl$dfltu                              0x00001876   Section       38  dflt_clz.o(x$fpl$dfltu)
    $v0                                      0x00001876   Number         0  dflt_clz.o(x$fpl$dfltu)
    x$fpl$dmul                               0x0000189c   Section      340  dmul.o(x$fpl$dmul)
    $v0                                      0x0000189c   Number         0  dmul.o(x$fpl$dmul)
    x$fpl$dnaninf                            0x000019f0   Section      156  dnaninf.o(x$fpl$dnaninf)
    $v0                                      0x000019f0   Number         0  dnaninf.o(x$fpl$dnaninf)
    x$fpl$dretinf                            0x00001a8c   Section       12  dretinf.o(x$fpl$dretinf)
    $v0                                      0x00001a8c   Number         0  dretinf.o(x$fpl$dretinf)
    x$fpl$fpinit                             0x00001a98   Section       10  fpinit.o(x$fpl$fpinit)
    $v0                                      0x00001a98   Number         0  fpinit.o(x$fpl$fpinit)
    .constdata                               0x00001aa2   Section      115  vl53l1x_api.o(.constdata)
    x$fpl$usenofp                            0x00001aa2   Section        0  usenofp.o(x$fpl$usenofp)
    status_rtn                               0x00001afd   Data          24  vl53l1x_api.o(.constdata)
    .constdata                               0x00001b15   Section       40  _printf_hex_int.o(.constdata)
    uc_hextab                                0x00001b15   Data          20  _printf_hex_int.o(.constdata)
    lc_hextab                                0x00001b29   Data          20  _printf_hex_int.o(.constdata)
    .data                                    0x20000000   Section        4  system_msp432e401y.o(.data)
    .bss                                     0x20000004   Section     1023  main.o(.bss)
    printf_buffer                            0x20000004   Data        1023  main.o(.bss)
    .bss                                     0x20000403   Section     1023  uart.o(.bss)
    printf_buffer                            0x20000403   Data        1023  uart.o(.bss)
    .bss                                     0x20000804   Section       96  libspace.o(.bss)
    HEAP                                     0x20000868   Section        0  startup_msp432e401y_uvision.o(HEAP)
    STACK                                    0x20000868   Section      512  startup_msp432e401y_uvision.o(STACK)
    Heap_Mem                                 0x20000868   Data           0  startup_msp432e401y_uvision.o(HEAP)
    Stack_Mem                                0x20000868   Data         512  startup_msp432e401y_uvision.o(STACK)
    __initial_sp                             0x20000a68   Data           0  startup_msp432e401y_uvision.o(STACK)

    Global Symbols

    Symbol Name                              Value     Ov Type        Size  Object(Section)

    BuildAttributes$$THM_ISAv4$E$P$D$K$B$S$7EM$VFPi3$EXTD16$VFPS$VFMA$PE$A:L22UL41UL21$X:L11$S22US41US21$IEEE1$IW$USESV6$~STKCKD$USESV7$~SHL$OSPACE$ROPI$EBA8$UX$STANDARDLIB$REQ8$PRES8$EABIv2 0x00000000   Number         0  anon$$obj.o ABSOLUTE
    __ARM_use_no_argv                        0x00000000   Number         0  main.o ABSOLUTE
    __Vectors                                0x00000000   Data           4  startup_msp432e401y_uvision.o(RESET)
    _printf_flags                            0x00000000   Number         0  printf_stubs.o ABSOLUTE
    _printf_return_value                     0x00000000   Number         0  printf_stubs.o ABSOLUTE
    _printf_sizespec                         0x00000000   Number         0  printf_stubs.o ABSOLUTE
    _printf_widthprec                        0x00000000   Number         0  printf_stubs.o ABSOLUTE
    __ARM_exceptions_init                     - Undefined Weak Reference
    __alloca_initialize                       - Undefined Weak Reference
    __arm_preinit_                            - Undefined Weak Reference
    __cpp_initialize__aeabi_                  - Undefined Weak Reference
    __cxa_finalize                            - Undefined Weak Reference
    __rt_locale                               - Undefined Weak Reference
    __sigvec_lookup                           - Undefined Weak Reference
    _atexit_init                              - Undefined Weak Reference
    _call_atexit_fns                          - Undefined Weak Reference
    _clock_init                               - Undefined Weak Reference
    _fp_trap_init                             - Undefined Weak Reference
    _fp_trap_shutdown                         - Undefined Weak Reference
    _get_lc_collate                           - Undefined Weak Reference
    _get_lc_ctype                             - Undefined Weak Reference
    _get_lc_monetary                          - Undefined Weak Reference
    _get_lc_numeric                           - Undefined Weak Reference
    _get_lc_time                              - Undefined Weak Reference
    _getenv_init                              - Undefined Weak Reference
    _handle_redirection                       - Undefined Weak Reference
    _init_alloc                               - Undefined Weak Reference
    _init_user_alloc                          - Undefined Weak Reference
    _initio                                   - Undefined Weak Reference
    _printf_truncate_signed                   - Undefined Weak Reference
    _printf_truncate_unsigned                 - Undefined Weak Reference
    _rand_init                                - Undefined Weak Reference
    _signal_finish                            - Undefined Weak Reference
    _signal_init                              - Undefined Weak Reference
    _terminate_alloc                          - Undefined Weak Reference
    _terminate_user_alloc                     - Undefined Weak Reference
    _terminateio                              - Undefined Weak Reference
    __Vectors_End                            0x000001fc   Data           0  startup_msp432e401y_uvision.o(RESET)
    __Vectors_Size                           0x000001fc   Number         0  startup_msp432e401y_uvision.o ABSOLUTE
    __main                                   0x000001fd   Thumb Code     8  __main.o(!!!main)
    __scatterload                            0x00000205   Thumb Code     0  __scatter.o(!!!scatter)
    __scatterload_rt2                        0x00000205   Thumb Code    44  __scatter.o(!!!scatter)
    __scatterload_rt2_thumb_only             0x00000205   Thumb Code     0  __scatter.o(!!!scatter)
    __scatterload_null                       0x00000213   Thumb Code     0  __scatter.o(!!!scatter)
    __scatterload_copy                       0x00000239   Thumb Code    26  __scatter_copy.o(!!handler_copy)
    __scatterload_zeroinit                   0x00000255   Thumb Code    28  __scatter_zi.o(!!handler_zi)
    _printf_d                                0x00000271   Thumb Code     0  _printf_d.o(.ARM.Collect$$_printf_percent$$00000009)
    _printf_percent                          0x00000271   Thumb Code     0  _printf_percent.o(.ARM.Collect$$_printf_percent$$00000000)
    _printf_x                                0x00000277   Thumb Code     0  _printf_x.o(.ARM.Collect$$_printf_percent$$0000000C)
    _printf_percent_end                      0x0000027d   Thumb Code     0  _printf_percent_end.o(.ARM.Collect$$_printf_percent$$00000017)
    __rt_lib_init                            0x00000281   Thumb Code     0  libinit.o(.ARM.Collect$$libinit$$00000000)
    __rt_lib_init_fp_1                       0x00000283   Thumb Code     0  libinit2.o(.ARM.Collect$$libinit$$00000001)
    __rt_lib_init_alloca_1                   0x00000287   Thumb Code     0  libinit2.o(.ARM.Collect$$libinit$$0000002E)
    __rt_lib_init_argv_1                     0x00000287   Thumb Code     0  libinit2.o(.ARM.Collect$$libinit$$0000002C)
    __rt_lib_init_atexit_1                   0x00000287   Thumb Code     0  libinit2.o(.ARM.Collect$$libinit$$0000001B)
    __rt_lib_init_clock_1                    0x00000287   Thumb Code     0  libinit2.o(.ARM.Collect$$libinit$$00000021)
    __rt_lib_init_cpp_1                      0x00000287   Thumb Code     0  libinit2.o(.ARM.Collect$$libinit$$00000032)
    __rt_lib_init_exceptions_1               0x00000287   Thumb Code     0  libinit2.o(.ARM.Collect$$libinit$$00000030)
    __rt_lib_init_fp_trap_1                  0x00000287   Thumb Code     0  libinit2.o(.ARM.Collect$$libinit$$0000001F)
    __rt_lib_init_getenv_1                   0x00000287   Thumb Code     0  libinit2.o(.ARM.Collect$$libinit$$00000023)
    __rt_lib_init_heap_1                     0x00000287   Thumb Code     0  libinit2.o(.ARM.Collect$$libinit$$0000000A)
    __rt_lib_init_lc_collate_1               0x00000287   Thumb Code     0  libinit2.o(.ARM.Collect$$libinit$$00000011)
    __rt_lib_init_lc_ctype_1                 0x00000287   Thumb Code     0  libinit2.o(.ARM.Collect$$libinit$$00000013)
    __rt_lib_init_lc_monetary_1              0x00000287   Thumb Code     0  libinit2.o(.ARM.Collect$$libinit$$00000015)
    __rt_lib_init_lc_numeric_1               0x00000287   Thumb Code     0  libinit2.o(.ARM.Collect$$libinit$$00000017)
    __rt_lib_init_lc_time_1                  0x00000287   Thumb Code     0  libinit2.o(.ARM.Collect$$libinit$$00000019)
    __rt_lib_init_preinit_1                  0x00000287   Thumb Code     0  libinit2.o(.ARM.Collect$$libinit$$00000004)
    __rt_lib_init_rand_1                     0x00000287   Thumb Code     0  libinit2.o(.ARM.Collect$$libinit$$0000000E)
    __rt_lib_init_return                     0x00000287   Thumb Code     0  libinit2.o(.ARM.Collect$$libinit$$00000033)
    __rt_lib_init_signal_1                   0x00000287   Thumb Code     0  libinit2.o(.ARM.Collect$$libinit$$0000001D)
    __rt_lib_init_stdio_1                    0x00000287   Thumb Code     0  libinit2.o(.ARM.Collect$$libinit$$00000025)
    __rt_lib_init_user_alloc_1               0x00000287   Thumb Code     0  libinit2.o(.ARM.Collect$$libinit$$0000000C)
    __rt_lib_shutdown                        0x00000289   Thumb Code     0  libshutdown.o(.ARM.Collect$$libshutdown$$00000000)
    __rt_lib_shutdown_cpp_1                  0x0000028b   Thumb Code     0  libshutdown2.o(.ARM.Collect$$libshutdown$$00000002)
    __rt_lib_shutdown_fp_trap_1              0x0000028b   Thumb Code     0  libshutdown2.o(.ARM.Collect$$libshutdown$$00000007)
    __rt_lib_shutdown_heap_1                 0x0000028b   Thumb Code     0  libshutdown2.o(.ARM.Collect$$libshutdown$$0000000F)
    __rt_lib_shutdown_return                 0x0000028b   Thumb Code     0  libshutdown2.o(.ARM.Collect$$libshutdown$$00000010)
    __rt_lib_shutdown_signal_1               0x0000028b   Thumb Code     0  libshutdown2.o(.ARM.Collect$$libshutdown$$0000000A)
    __rt_lib_shutdown_stdio_1                0x0000028b   Thumb Code     0  libshutdown2.o(.ARM.Collect$$libshutdown$$00000004)
    __rt_lib_shutdown_user_alloc_1           0x0000028b   Thumb Code     0  libshutdown2.o(.ARM.Collect$$libshutdown$$0000000C)
    __rt_entry                               0x0000028d   Thumb Code     0  __rtentry.o(.ARM.Collect$$rtentry$$00000000)
    __rt_entry_presh_1                       0x0000028d   Thumb Code     0  __rtentry2.o(.ARM.Collect$$rtentry$$00000002)
    __rt_entry_sh                            0x0000028d   Thumb Code     0  __rtentry4.o(.ARM.Collect$$rtentry$$00000004)
    __rt_entry_li                            0x00000293   Thumb Code     0  __rtentry2.o(.ARM.Collect$$rtentry$$0000000A)
    __rt_entry_postsh_1                      0x00000293   Thumb Code     0  __rtentry2.o(.ARM.Collect$$rtentry$$00000009)
    __rt_entry_main                          0x00000297   Thumb Code     0  __rtentry2.o(.ARM.Collect$$rtentry$$0000000D)
    __rt_entry_postli_1                      0x00000297   Thumb Code     0  __rtentry2.o(.ARM.Collect$$rtentry$$0000000C)
    __rt_exit                                0x0000029f   Thumb Code     0  rtexit.o(.ARM.Collect$$rtexit$$00000000)
    __rt_exit_ls                             0x000002a1   Thumb Code     0  rtexit2.o(.ARM.Collect$$rtexit$$00000003)
    __rt_exit_prels_1                        0x000002a1   Thumb Code     0  rtexit2.o(.ARM.Collect$$rtexit$$00000002)
    __rt_exit_exit                           0x000002a5   Thumb Code     0  rtexit2.o(.ARM.Collect$$rtexit$$00000004)
    Reset_Handler                            0x000002ad   Thumb Code     8  startup_msp432e401y_uvision.o(.text)
    NMI_Handler                              0x000002b5   Thumb Code     2  startup_msp432e401y_uvision.o(.text)
    HardFault_Handler                        0x000002b7   Thumb Code     2  startup_msp432e401y_uvision.o(.text)
    MemManage_Handler                        0x000002b9   Thumb Code     2  startup_msp432e401y_uvision.o(.text)
    BusFault_Handler                         0x000002bb   Thumb Code     2  startup_msp432e401y_uvision.o(.text)
    UsageFault_Handler                       0x000002bd   Thumb Code     2  startup_msp432e401y_uvision.o(.text)
    SVC_Handler                              0x000002bf   Thumb Code     2  startup_msp432e401y_uvision.o(.text)
    DebugMon_Handler                         0x000002c1   Thumb Code     2  startup_msp432e401y_uvision.o(.text)
    PendSV_Handler                           0x000002c3   Thumb Code     2  startup_msp432e401y_uvision.o(.text)
    SysTick_Handler                          0x000002c5   Thumb Code     2  startup_msp432e401y_uvision.o(.text)
    ADC0SS0_IRQHandler                       0x000002c7   Thumb Code     0  startup_msp432e401y_uvision.o(.text)
    ADC0SS1_IRQHandler                       0x000002c7   Thumb Code     0  startup_msp432e401y_uvision.o(.text)
    ADC0SS2_IRQHandler                       0x000002c7   Thumb Code     0  startup_msp432e401y_uvision.o(.text)
    ADC0SS3_IRQHandler                       0x000002c7   Thumb Code     0  startup_msp432e401y_uvision.o(.text)
    ADC1SS0_IRQHandler                       0x000002c7   Thumb Code     0  startup_msp432e401y_uvision.o(.text)
    ADC1SS1_IRQHandler                       0x000002c7   Thumb Code     0  startup_msp432e401y_uvision.o(.text)
    ADC1SS2_IRQHandler                       0x000002c7   Thumb Code     0  startup_msp432e401y_uvision.o(.text)
    ADC1SS3_IRQHandler                       0x000002c7   Thumb Code     0  startup_msp432e401y_uvision.o(.text)
    AES0_IRQHandler                          0x000002c7   Thumb Code     0  startup_msp432e401y_uvision.o(.text)
    CAN0_IRQHandler                          0x000002c7   Thumb Code     0  startup_msp432e401y_uvision.o(.text)
    CAN1_IRQHandler                          0x000002c7   Thumb Code     0  startup_msp432e401y_uvision.o(.text)
    COMP0_IRQHandler                         0x000002c7   Thumb Code     0  startup_msp432e401y_uvision.o(.text)
    COMP1_IRQHandler                         0x000002c7   Thumb Code     0  startup_msp432e401y_uvision.o(.text)
    COMP2_IRQHandler                         0x000002c7   Thumb Code     0  startup_msp432e401y_uvision.o(.text)
    DES0_IRQHandler                          0x000002c7   Thumb Code     0  startup_msp432e401y_uvision.o(.text)
    EMAC0_IRQHandler                         0x000002c7   Thumb Code     0  startup_msp432e401y_uvision.o(.text)
    EPI0_IRQHandler                          0x000002c7   Thumb Code     0  startup_msp432e401y_uvision.o(.text)
    FLASH_IRQHandler                         0x000002c7   Thumb Code     0  startup_msp432e401y_uvision.o(.text)
    GPIOA_IRQHandler                         0x000002c7   Thumb Code     0  startup_msp432e401y_uvision.o(.text)
    GPIOB_IRQHandler                         0x000002c7   Thumb Code     0  startup_msp432e401y_uvision.o(.text)
    GPIOC_IRQHandler                         0x000002c7   Thumb Code     0  startup_msp432e401y_uvision.o(.text)
    GPIOD_IRQHandler                         0x000002c7   Thumb Code     0  startup_msp432e401y_uvision.o(.text)
    GPIOE_IRQHandler                         0x000002c7   Thumb Code     0  startup_msp432e401y_uvision.o(.text)
    GPIOF_IRQHandler                         0x000002c7   Thumb Code     0  startup_msp432e401y_uvision.o(.text)
    GPIOG_IRQHandler                         0x000002c7   Thumb Code     0  startup_msp432e401y_uvision.o(.text)
    GPIOH_IRQHandler                         0x000002c7   Thumb Code     0  startup_msp432e401y_uvision.o(.text)
    GPIOJ_IRQHandler                         0x000002c7   Thumb Code     0  startup_msp432e401y_uvision.o(.text)
    GPIOK_IRQHandler                         0x000002c7   Thumb Code     0  startup_msp432e401y_uvision.o(.text)
    GPIOL_IRQHandler                         0x000002c7   Thumb Code     0  startup_msp432e401y_uvision.o(.text)
    GPIOM_IRQHandler                         0x000002c7   Thumb Code     0  startup_msp432e401y_uvision.o(.text)
    GPION_IRQHandler                         0x000002c7   Thumb Code     0  startup_msp432e401y_uvision.o(.text)
    GPIOP0_IRQHandler                        0x000002c7   Thumb Code     0  startup_msp432e401y_uvision.o(.text)
    GPIOP1_IRQHandler                        0x000002c7   Thumb Code     0  startup_msp432e401y_uvision.o(.text)
    GPIOP2_IRQHandler                        0x000002c7   Thumb Code     0  startup_msp432e401y_uvision.o(.text)
    GPIOP3_IRQHandler                        0x000002c7   Thumb Code     0  startup_msp432e401y_uvision.o(.text)
    GPIOP4_IRQHandler                        0x000002c7   Thumb Code     0  startup_msp432e401y_uvision.o(.text)
    GPIOP5_IRQHandler                        0x000002c7   Thumb Code     0  startup_msp432e401y_uvision.o(.text)
    GPIOP6_IRQHandler                        0x000002c7   Thumb Code     0  startup_msp432e401y_uvision.o(.text)
    GPIOP7_IRQHandler                        0x000002c7   Thumb Code     0  startup_msp432e401y_uvision.o(.text)
    GPIOQ0_IRQHandler                        0x000002c7   Thumb Code     0  startup_msp432e401y_uvision.o(.text)
    GPIOQ1_IRQHandler                        0x000002c7   Thumb Code     0  startup_msp432e401y_uvision.o(.text)
    GPIOQ2_IRQHandler                        0x000002c7   Thumb Code     0  startup_msp432e401y_uvision.o(.text)
    GPIOQ3_IRQHandler                        0x000002c7   Thumb Code     0  startup_msp432e401y_uvision.o(.text)
    GPIOQ4_IRQHandler                        0x000002c7   Thumb Code     0  startup_msp432e401y_uvision.o(.text)
    GPIOQ5_IRQHandler                        0x000002c7   Thumb Code     0  startup_msp432e401y_uvision.o(.text)
    GPIOQ6_IRQHandler                        0x000002c7   Thumb Code     0  startup_msp432e401y_uvision.o(.text)
    GPIOQ7_IRQHandler                        0x000002c7   Thumb Code     0  startup_msp432e401y_uvision.o(.text)
    HIBERNATE_IRQHandler                     0x000002c7   Thumb Code     0  startup_msp432e401y_uvision.o(.text)
    I2C0_IRQHandler                          0x000002c7   Thumb Code     0  startup_msp432e401y_uvision.o(.text)
    I2C1_IRQHandler                          0x000002c7   Thumb Code     0  startup_msp432e401y_uvision.o(.text)
    I2C2_IRQHandler                          0x000002c7   Thumb Code     0  startup_msp432e401y_uvision.o(.text)
    I2C3_IRQHandler                          0x000002c7   Thumb Code     0  startup_msp432e401y_uvision.o(.text)
    I2C4_IRQHandler                          0x000002c7   Thumb Code     0  startup_msp432e401y_uvision.o(.text)
    I2C5_IRQHandler                          0x000002c7   Thumb Code     0  startup_msp432e401y_uvision.o(.text)
    I2C6_IRQHandler                          0x000002c7   Thumb Code     0  startup_msp432e401y_uvision.o(.text)
    I2C7_IRQHandler                          0x000002c7   Thumb Code     0  startup_msp432e401y_uvision.o(.text)
    I2C8_IRQHandler                          0x000002c7   Thumb Code     0  startup_msp432e401y_uvision.o(.text)
    I2C9_IRQHandler                          0x000002c7   Thumb Code     0  startup_msp432e401y_uvision.o(.text)
    PWM0_0_IRQHandler                        0x000002c7   Thumb Code     0  startup_msp432e401y_uvision.o(.text)
    PWM0_1_IRQHandler                        0x000002c7   Thumb Code     0  startup_msp432e401y_uvision.o(.text)
    PWM0_2_IRQHandler                        0x000002c7   Thumb Code     0  startup_msp432e401y_uvision.o(.text)
    PWM0_3_IRQHandler                        0x000002c7   Thumb Code     0  startup_msp432e401y_uvision.o(.text)
    PWM0_FAULT_IRQHandler                    0x000002c7   Thumb Code     0  startup_msp432e401y_uvision.o(.text)
    QEI0_IRQHandler                          0x000002c7   Thumb Code     0  startup_msp432e401y_uvision.o(.text)
    SHA0_IRQHandler                          0x000002c7   Thumb Code     0  startup_msp432e401y_uvision.o(.text)
    SSI0_IRQHandler                          0x000002c7   Thumb Code     0  startup_msp432e401y_uvision.o(.text)
    SSI1_IRQHandler                          0x000002c7   Thumb Code     0  startup_msp432e401y_uvision.o(.text)
    SSI2_IRQHandler                          0x000002c7   Thumb Code     0  startup_msp432e401y_uvision.o(.text)
    SSI3_IRQHandler                          0x000002c7   Thumb Code     0  startup_msp432e401y_uvision.o(.text)
    SYSCTL_IRQHandler                        0x000002c7   Thumb Code     0  startup_msp432e401y_uvision.o(.text)
    SYSEXC_IRQHandler                        0x000002c7   Thumb Code     0  startup_msp432e401y_uvision.o(.text)
    TAMPER0_IRQHandler                       0x000002c7   Thumb Code     0  startup_msp432e401y_uvision.o(.text)
    TIMER0A_IRQHandler                       0x000002c7   Thumb Code     0  startup_msp432e401y_uvision.o(.text)
    TIMER0B_IRQHandler                       0x000002c7   Thumb Code     0  startup_msp432e401y_uvision.o(.text)
    TIMER1A_IRQHandler                       0x000002c7   Thumb Code     0  startup_msp432e401y_uvision.o(.text)
    TIMER1B_IRQHandler                       0x000002c7   Thumb Code     0  startup_msp432e401y_uvision.o(.text)
    TIMER2A_IRQHandler                       0x000002c7   Thumb Code     0  startup_msp432e401y_uvision.o(.text)
    TIMER2B_IRQHandler                       0x000002c7   Thumb Code     0  startup_msp432e401y_uvision.o(.text)
    TIMER3A_IRQHandler                       0x000002c7   Thumb Code     0  startup_msp432e401y_uvision.o(.text)
    TIMER3B_IRQHandler                       0x000002c7   Thumb Code     0  startup_msp432e401y_uvision.o(.text)
    TIMER4A_IRQHandler                       0x000002c7   Thumb Code     0  startup_msp432e401y_uvision.o(.text)
    TIMER4B_IRQHandler                       0x000002c7   Thumb Code     0  startup_msp432e401y_uvision.o(.text)
    TIMER5A_IRQHandler                       0x000002c7   Thumb Code     0  startup_msp432e401y_uvision.o(.text)
    TIMER5B_IRQHandler                       0x000002c7   Thumb Code     0  startup_msp432e401y_uvision.o(.text)
    TIMER6A_IRQHandler                       0x000002c7   Thumb Code     0  startup_msp432e401y_uvision.o(.text)
    TIMER6B_IRQHandler                       0x000002c7   Thumb Code     0  startup_msp432e401y_uvision.o(.text)
    TIMER7A_IRQHandler                       0x000002c7   Thumb Code     0  startup_msp432e401y_uvision.o(.text)
    TIMER7B_IRQHandler                       0x000002c7   Thumb Code     0  startup_msp432e401y_uvision.o(.text)
    UART0_IRQHandler                         0x000002c7   Thumb Code     0  startup_msp432e401y_uvision.o(.text)
    UART1_IRQHandler                         0x000002c7   Thumb Code     0  startup_msp432e401y_uvision.o(.text)
    UART2_IRQHandler                         0x000002c7   Thumb Code     0  startup_msp432e401y_uvision.o(.text)
    UART3_IRQHandler                         0x000002c7   Thumb Code     0  startup_msp432e401y_uvision.o(.text)
    UART4_IRQHandler                         0x000002c7   Thumb Code     0  startup_msp432e401y_uvision.o(.text)
    UART5_IRQHandler                         0x000002c7   Thumb Code     0  startup_msp432e401y_uvision.o(.text)
    UART6_IRQHandler                         0x000002c7   Thumb Code     0  startup_msp432e401y_uvision.o(.text)
    UART7_IRQHandler                         0x000002c7   Thumb Code     0  startup_msp432e401y_uvision.o(.text)
    UDMAERR_IRQHandler                       0x000002c7   Thumb Code     0  startup_msp432e401y_uvision.o(.text)
    UDMA_IRQHandler                          0x000002c7   Thumb Code     0  startup_msp432e401y_uvision.o(.text)
    USB0_IRQHandler                          0x000002c7   Thumb Code     0  startup_msp432e401y_uvision.o(.text)
    WATCHDOG_IRQHandler                      0x000002c7   Thumb Code     0  startup_msp432e401y_uvision.o(.text)
    __user_initial_stackheap                 0x000002c9   Thumb Code    10  startup_msp432e401y_uvision.o(.text)
    __2sprintf                               0x000002e9   Thumb Code    34  noretval__2sprintf.o(.text)
    _printf_pre_padding                      0x00000311   Thumb Code    44  _printf_pad.o(.text)
    _printf_post_padding                     0x0000033d   Thumb Code    34  _printf_pad.o(.text)
    _printf_int_dec                          0x00000361   Thumb Code   104  _printf_dec.o(.text)
    _printf_int_hex                          0x000003d9   Thumb Code    84  _printf_hex_int.o(.text)
    _printf_longlong_hex                     0x000003d9   Thumb Code     0  _printf_hex_int.o(.text)
    __printf                                 0x00000431   Thumb Code   270  __printf_wp.o(.text)
    __use_two_region_memory                  0x0000053f   Thumb Code     2  heapauxi.o(.text)
    __rt_heap_escrow$2region                 0x00000541   Thumb Code     2  heapauxi.o(.text)
    __rt_heap_expand$2region                 0x00000543   Thumb Code     2  heapauxi.o(.text)
    _printf_int_common                       0x00000545   Thumb Code   178  _printf_intcommon.o(.text)
    _printf_char_common                      0x00000603   Thumb Code    32  _printf_char_common.o(.text)
    _sputc                                   0x00000629   Thumb Code    10  _sputc.o(.text)
    __user_setup_stackheap                   0x00000633   Thumb Code    74  sys_stackheap_outer.o(.text)
    exit                                     0x0000067d   Thumb Code    18  exit.o(.text)
    __user_libspace                          0x00000691   Thumb Code     8  libspace.o(.text)
    __user_perproc_libspace                  0x00000691   Thumb Code     0  libspace.o(.text)
    __user_perthread_libspace                0x00000691   Thumb Code     0  libspace.o(.text)
    _sys_exit                                0x00000699   Thumb Code     8  sys_exit.o(.text)
    __I$use$semihosting                      0x000006a5   Thumb Code     0  use_no_semi.o(.text)
    __use_no_semihosting_swi                 0x000006a5   Thumb Code     2  use_no_semi.o(.text)
    __semihosting_library_function           0x000006a7   Thumb Code     0  indicate_semi.o(.text)
    I2C_Init                                 0x000006a9   Thumb Code   114  i2c.o(i.I2C_Init)
    PLL_Init                                 0x00000735   Thumb Code   276  pll.o(i.PLL_Init)
    Status_Check                             0x00000855   Thumb Code    46  uart.o(i.Status_Check)
    StepperMotor_Sleep                       0x000008ad   Thumb Code    16  main.o(i.StepperMotor_Sleep)
    StepperMotor_StepBackward                0x000008c1   Thumb Code    56  main.o(i.StepperMotor_StepBackward)
    StepperMotor_StepForward                 0x00000901   Thumb Code    56  main.o(i.StepperMotor_StepForward)
    SysTick_Init                             0x00000941   Thumb Code    24  systick.o(i.SysTick_Init)
    SysTick_Wait                             0x00000959   Thumb Code    32  systick.o(i.SysTick_Wait)
    SysTick_Wait10ms                         0x00000979   Thumb Code    22  systick.o(i.SysTick_Wait10ms)
    SystemInit                               0x00000995   Thumb Code    20  system_msp432e401y.o(i.SystemInit)
    UART_Init                                0x000009b5   Thumb Code   172  uart.o(i.UART_Init)
    UART_OutChar                             0x00000a81   Thumb Code    20  uart.o(i.UART_OutChar)
    UART_OutWord                             0x00000a99   Thumb Code    22  uart.o(i.UART_OutWord)
    UART_printf                              0x00000ab9   Thumb Code    24  uart.o(i.UART_printf)
    VL53L1X_BootState                        0x00000ad1   Thumb Code    34  vl53l1x_api.o(i.VL53L1X_BootState)
    VL53L1X_CheckForDataReady                0x00000af3   Thumb Code    62  vl53l1x_api.o(i.VL53L1X_CheckForDataReady)
    VL53L1X_ClearInterrupt                   0x00000b31   Thumb Code    22  vl53l1x_api.o(i.VL53L1X_ClearInterrupt)
    VL53L1X_Distance                         0x00000b47   Thumb Code    50  main.o(i.VL53L1X_Distance)
    VL53L1X_GetDistance                      0x00000b79   Thumb Code    30  vl53l1x_api.o(i.VL53L1X_GetDistance)
    VL53L1X_GetInterMeasurementInMs          0x00000b99   Thumb Code   118  vl53l1x_api.o(i.VL53L1X_GetInterMeasurementInMs)
    VL53L1X_GetInterruptPolarity             0x00000c19   Thumb Code    50  vl53l1x_api.o(i.VL53L1X_GetInterruptPolarity)
    VL53L1X_GetTimingBudgetInMs              0x00000c4b   Thumb Code   174  vl53l1x_api.o(i.VL53L1X_GetTimingBudgetInMs)
    VL53L1X_RangeInit                        0x00000cf9   Thumb Code    82  main.o(i.VL53L1X_RangeInit)
    VL53L1X_SensorInit                       0x00000ddd   Thumb Code   174  vl53l1x_api.o(i.VL53L1X_SensorInit)
    VL53L1X_Setup                            0x00000ed9   Thumb Code   132  main.o(i.VL53L1X_Setup)
    VL53L1X_StartRanging                     0x00001015   Thumb Code    22  vl53l1x_api.o(i.VL53L1X_StartRanging)
    VL53L1X_StopRanging                      0x0000102b   Thumb Code    22  vl53l1x_api.o(i.VL53L1X_StopRanging)
    VL53L1_RdByte                            0x00001041   Thumb Code    36  vl53l1_platform.o(i.VL53L1_RdByte)
    VL53L1_RdDWord                           0x00001065   Thumb Code    86  vl53l1_platform.o(i.VL53L1_RdDWord)
    VL53L1_RdWord                            0x000010bb   Thumb Code    56  vl53l1_platform.o(i.VL53L1_RdWord)
    VL53L1_WaitMs                            0x000010f5   Thumb Code    26  vl53l1_platform.o(i.VL53L1_WaitMs)
    VL53L1_WrByte                            0x00001115   Thumb Code    30  vl53l1_platform.o(i.VL53L1_WrByte)
    _is_digit                                0x00001133   Thumb Code    14  __printf_wp.o(i._is_digit)
    beginRxI2C                               0x00001141   Thumb Code    24  vl53l1_platform.o(i.beginRxI2C)
    beginTxI2C                               0x0000115d   Thumb Code    24  vl53l1_platform.o(i.beginTxI2C)
    delayMilliseconds                        0x00001179   Thumb Code    22  systick.o(i.delayMilliseconds)
    getData                                  0x00001195   Thumb Code   118  main.o(i.getData)
    main                                     0x00001215   Thumb Code    56  main.o(i.main)
    readI2C                                  0x00001251   Thumb Code    58  vl53l1_platform.o(i.readI2C)
    setupGPIO                                0x00001291   Thumb Code   280  main.o(i.setupGPIO)
    toggleLED_External                       0x000013e1   Thumb Code    16  main.o(i.toggleLED_External)
    writeI2C                                 0x000013f9   Thumb Code   134  vl53l1_platform.o(i.writeI2C)
    writeRegisterIndex                       0x00001485   Thumb Code   112  vl53l1_platform.o(i.writeRegisterIndex)
    writeRegisterIndex_nostop                0x000014f9   Thumb Code   112  vl53l1_platform.o(i.writeRegisterIndex_nostop)
    __aeabi_ddiv                             0x0000156d   Thumb Code     0  ddiv.o(x$fpl$ddiv)
    _ddiv                                    0x0000156d   Thumb Code   552  ddiv.o(x$fpl$ddiv)
    __aeabi_d2uiz                            0x0000181d   Thumb Code     0  dfixu.o(x$fpl$dfixu)
    _dfixu                                   0x0000181d   Thumb Code    90  dfixu.o(x$fpl$dfixu)
    __aeabi_ui2d                             0x00001877   Thumb Code     0  dflt_clz.o(x$fpl$dfltu)
    _dfltu                                   0x00001877   Thumb Code    38  dflt_clz.o(x$fpl$dfltu)
    __aeabi_dmul                             0x0000189d   Thumb Code     0  dmul.o(x$fpl$dmul)
    _dmul                                    0x0000189d   Thumb Code   332  dmul.o(x$fpl$dmul)
    __fpl_dnaninf                            0x000019f1   Thumb Code   156  dnaninf.o(x$fpl$dnaninf)
    __fpl_dretinf                            0x00001a8d   Thumb Code    12  dretinf.o(x$fpl$dretinf)
    _fp_init                                 0x00001a99   Thumb Code    10  fpinit.o(x$fpl$fpinit)
    __fplib_config_fpu_vfp                   0x00001aa1   Thumb Code     0  fpinit.o(x$fpl$fpinit)
    __fplib_config_pureend_doubles           0x00001aa1   Thumb Code     0  fpinit.o(x$fpl$fpinit)
    VL51L1X_DEFAULT_CONFIGURATION            0x00001aa2   Data          91  vl53l1x_api.o(.constdata)
    __I$use$fp                               0x00001aa2   Number         0  usenofp.o(x$fpl$usenofp)
    Region$$Table$$Base                      0x00001b40   Number         0  anon$$obj.o(Region$$Table)
    Region$$Table$$Limit                     0x00001b60   Number         0  anon$$obj.o(Region$$Table)
    SystemCoreClock                          0x20000000   Data           4  system_msp432e401y.o(.data)
    __libspace_start                         0x20000804   Data          96  libspace.o(.bss)
    __temporary_stack_top$libspace           0x20000864   Data           0  libspace.o(.bss)



==============================================================================

Memory Map of the image

  Image Entry point : 0x000002ad

  Load Region LR_1 (Base: 0x00000000, Size: 0x00001b64, Max: 0xffffffff, ABSOLUTE)

    Execution Region ER_RO (Exec base: 0x00000000, Load base: 0x00000000, Size: 0x00001b60, Max: 0xffffffff, ABSOLUTE)

    Exec Addr    Load Addr    Size         Type   Attr      Idx    E Section Name        Object

    0x00000000   0x00000000   0x000001fc   Data   RO          675    RESET               startup_msp432e401y_uvision.o
    0x000001fc   0x000001fc   0x00000008   Code   RO          797  * !!!main             c_w.l(__main.o)
    0x00000204   0x00000204   0x00000034   Code   RO          984    !!!scatter          c_w.l(__scatter.o)
    0x00000238   0x00000238   0x0000001a   Code   RO          986    !!handler_copy      c_w.l(__scatter_copy.o)
    0x00000252   0x00000252   0x00000002   PAD
    0x00000254   0x00000254   0x0000001c   Code   RO          988    !!handler_zi        c_w.l(__scatter_zi.o)
    0x00000270   0x00000270   0x00000000   Code   RO          794    .ARM.Collect$$_printf_percent$$00000000  c_w.l(_printf_percent.o)
    0x00000270   0x00000270   0x00000006   Code   RO          793    .ARM.Collect$$_printf_percent$$00000009  c_w.l(_printf_d.o)
    0x00000276   0x00000276   0x00000006   Code   RO          792    .ARM.Collect$$_printf_percent$$0000000C  c_w.l(_printf_x.o)
    0x0000027c   0x0000027c   0x00000004   Code   RO          822    .ARM.Collect$$_printf_percent$$00000017  c_w.l(_printf_percent_end.o)
    0x00000280   0x00000280   0x00000002   Code   RO          854    .ARM.Collect$$libinit$$00000000  c_w.l(libinit.o)
    0x00000282   0x00000282   0x00000004   Code   RO          860    .ARM.Collect$$libinit$$00000001  c_w.l(libinit2.o)
    0x00000286   0x00000286   0x00000000   Code   RO          863    .ARM.Collect$$libinit$$00000004  c_w.l(libinit2.o)
    0x00000286   0x00000286   0x00000000   Code   RO          866    .ARM.Collect$$libinit$$0000000A  c_w.l(libinit2.o)
    0x00000286   0x00000286   0x00000000   Code   RO          868    .ARM.Collect$$libinit$$0000000C  c_w.l(libinit2.o)
    0x00000286   0x00000286   0x00000000   Code   RO          870    .ARM.Collect$$libinit$$0000000E  c_w.l(libinit2.o)
    0x00000286   0x00000286   0x00000000   Code   RO          873    .ARM.Collect$$libinit$$00000011  c_w.l(libinit2.o)
    0x00000286   0x00000286   0x00000000   Code   RO          875    .ARM.Collect$$libinit$$00000013  c_w.l(libinit2.o)
    0x00000286   0x00000286   0x00000000   Code   RO          877    .ARM.Collect$$libinit$$00000015  c_w.l(libinit2.o)
    0x00000286   0x00000286   0x00000000   Code   RO          879    .ARM.Collect$$libinit$$00000017  c_w.l(libinit2.o)
    0x00000286   0x00000286   0x00000000   Code   RO          881    .ARM.Collect$$libinit$$00000019  c_w.l(libinit2.o)
    0x00000286   0x00000286   0x00000000   Code   RO          883    .ARM.Collect$$libinit$$0000001B  c_w.l(libinit2.o)
    0x00000286   0x00000286   0x00000000   Code   RO          885    .ARM.Collect$$libinit$$0000001D  c_w.l(libinit2.o)
    0x00000286   0x00000286   0x00000000   Code   RO          887    .ARM.Collect$$libinit$$0000001F  c_w.l(libinit2.o)
    0x00000286   0x00000286   0x00000000   Code   RO          889    .ARM.Collect$$libinit$$00000021  c_w.l(libinit2.o)
    0x00000286   0x00000286   0x00000000   Code   RO          891    .ARM.Collect$$libinit$$00000023  c_w.l(libinit2.o)
    0x00000286   0x00000286   0x00000000   Code   RO          893    .ARM.Collect$$libinit$$00000025  c_w.l(libinit2.o)
    0x00000286   0x00000286   0x00000000   Code   RO          897    .ARM.Collect$$libinit$$0000002C  c_w.l(libinit2.o)
    0x00000286   0x00000286   0x00000000   Code   RO          899    .ARM.Collect$$libinit$$0000002E  c_w.l(libinit2.o)
    0x00000286   0x00000286   0x00000000   Code   RO          901    .ARM.Collect$$libinit$$00000030  c_w.l(libinit2.o)
    0x00000286   0x00000286   0x00000000   Code   RO          903    .ARM.Collect$$libinit$$00000032  c_w.l(libinit2.o)
    0x00000286   0x00000286   0x00000002   Code   RO          904    .ARM.Collect$$libinit$$00000033  c_w.l(libinit2.o)
    0x00000288   0x00000288   0x00000002   Code   RO          924    .ARM.Collect$$libshutdown$$00000000  c_w.l(libshutdown.o)
    0x0000028a   0x0000028a   0x00000000   Code   RO          937    .ARM.Collect$$libshutdown$$00000002  c_w.l(libshutdown2.o)
    0x0000028a   0x0000028a   0x00000000   Code   RO          939    .ARM.Collect$$libshutdown$$00000004  c_w.l(libshutdown2.o)
    0x0000028a   0x0000028a   0x00000000   Code   RO          942    .ARM.Collect$$libshutdown$$00000007  c_w.l(libshutdown2.o)
    0x0000028a   0x0000028a   0x00000000   Code   RO          945    .ARM.Collect$$libshutdown$$0000000A  c_w.l(libshutdown2.o)
    0x0000028a   0x0000028a   0x00000000   Code   RO          947    .ARM.Collect$$libshutdown$$0000000C  c_w.l(libshutdown2.o)
    0x0000028a   0x0000028a   0x00000000   Code   RO          950    .ARM.Collect$$libshutdown$$0000000F  c_w.l(libshutdown2.o)
    0x0000028a   0x0000028a   0x00000002   Code   RO          951    .ARM.Collect$$libshutdown$$00000010  c_w.l(libshutdown2.o)
    0x0000028c   0x0000028c   0x00000000   Code   RO          815    .ARM.Collect$$rtentry$$00000000  c_w.l(__rtentry.o)
    0x0000028c   0x0000028c   0x00000000   Code   RO          829    .ARM.Collect$$rtentry$$00000002  c_w.l(__rtentry2.o)
    0x0000028c   0x0000028c   0x00000006   Code   RO          841    .ARM.Collect$$rtentry$$00000004  c_w.l(__rtentry4.o)
    0x00000292   0x00000292   0x00000000   Code   RO          831    .ARM.Collect$$rtentry$$00000009  c_w.l(__rtentry2.o)
    0x00000292   0x00000292   0x00000004   Code   RO          832    .ARM.Collect$$rtentry$$0000000A  c_w.l(__rtentry2.o)
    0x00000296   0x00000296   0x00000000   Code   RO          834    .ARM.Collect$$rtentry$$0000000C  c_w.l(__rtentry2.o)
    0x00000296   0x00000296   0x00000008   Code   RO          835    .ARM.Collect$$rtentry$$0000000D  c_w.l(__rtentry2.o)
    0x0000029e   0x0000029e   0x00000002   Code   RO          858    .ARM.Collect$$rtexit$$00000000  c_w.l(rtexit.o)
    0x000002a0   0x000002a0   0x00000000   Code   RO          906    .ARM.Collect$$rtexit$$00000002  c_w.l(rtexit2.o)
    0x000002a0   0x000002a0   0x00000004   Code   RO          907    .ARM.Collect$$rtexit$$00000003  c_w.l(rtexit2.o)
    0x000002a4   0x000002a4   0x00000006   Code   RO          908    .ARM.Collect$$rtexit$$00000004  c_w.l(rtexit2.o)
    0x000002aa   0x000002aa   0x00000002   PAD
    0x000002ac   0x000002ac   0x0000003c   Code   RO          676  * .text               startup_msp432e401y_uvision.o
    0x000002e8   0x000002e8   0x00000028   Code   RO          743    .text               c_w.l(noretval__2sprintf.o)
    0x00000310   0x00000310   0x0000004e   Code   RO          747    .text               c_w.l(_printf_pad.o)
    0x0000035e   0x0000035e   0x00000002   PAD
    0x00000360   0x00000360   0x00000078   Code   RO          749    .text               c_w.l(_printf_dec.o)
    0x000003d8   0x000003d8   0x00000058   Code   RO          754    .text               c_w.l(_printf_hex_int.o)
    0x00000430   0x00000430   0x0000010e   Code   RO          780    .text               c_w.l(__printf_wp.o)
    0x0000053e   0x0000053e   0x00000006   Code   RO          795    .text               c_w.l(heapauxi.o)
    0x00000544   0x00000544   0x000000b2   Code   RO          816    .text               c_w.l(_printf_intcommon.o)
    0x000005f6   0x000005f6   0x00000002   PAD
    0x000005f8   0x000005f8   0x00000030   Code   RO          818    .text               c_w.l(_printf_char_common.o)
    0x00000628   0x00000628   0x0000000a   Code   RO          820    .text               c_w.l(_sputc.o)
    0x00000632   0x00000632   0x0000004a   Code   RO          845    .text               c_w.l(sys_stackheap_outer.o)
    0x0000067c   0x0000067c   0x00000012   Code   RO          847    .text               c_w.l(exit.o)
    0x0000068e   0x0000068e   0x00000002   PAD
    0x00000690   0x00000690   0x00000008   Code   RO          855    .text               c_w.l(libspace.o)
    0x00000698   0x00000698   0x0000000c   Code   RO          916    .text               c_w.l(sys_exit.o)
    0x000006a4   0x000006a4   0x00000002   Code   RO          927    .text               c_w.l(use_no_semi.o)
    0x000006a6   0x000006a6   0x00000000   Code   RO          929    .text               c_w.l(indicate_semi.o)
    0x000006a6   0x000006a6   0x00000002   PAD
    0x000006a8   0x000006a8   0x0000008c   Code   RO            1    i.I2C_Init          i2c.o
    0x00000734   0x00000734   0x00000120   Code   RO          198    i.PLL_Init          pll.o
    0x00000854   0x00000854   0x00000058   Code   RO          240    i.Status_Check      uart.o
    0x000008ac   0x000008ac   0x00000014   Code   RO           24    i.StepperMotor_Sleep  main.o
    0x000008c0   0x000008c0   0x00000040   Code   RO           25    i.StepperMotor_StepBackward  main.o
    0x00000900   0x00000900   0x00000040   Code   RO           26    i.StepperMotor_StepForward  main.o
    0x00000940   0x00000940   0x00000018   Code   RO          210    i.SysTick_Init      systick.o
    0x00000958   0x00000958   0x00000020   Code   RO          211    i.SysTick_Wait      systick.o
    0x00000978   0x00000978   0x0000001c   Code   RO          212    i.SysTick_Wait10ms  systick.o
    0x00000994   0x00000994   0x00000020   Code   RO          685    i.SystemInit        system_msp432e401y.o
    0x000009b4   0x000009b4   0x000000cc   Code   RO          242    i.UART_Init         uart.o
    0x00000a80   0x00000a80   0x00000018   Code   RO          243    i.UART_OutChar      uart.o
    0x00000a98   0x00000a98   0x00000020   Code   RO          244    i.UART_OutWord      uart.o
    0x00000ab8   0x00000ab8   0x00000018   Code   RO          245    i.UART_printf       uart.o
    0x00000ad0   0x00000ad0   0x00000022   Code   RO          407    i.VL53L1X_BootState  vl53l1x_api.o
    0x00000af2   0x00000af2   0x0000003e   Code   RO          408    i.VL53L1X_CheckForDataReady  vl53l1x_api.o
    0x00000b30   0x00000b30   0x00000016   Code   RO          409    i.VL53L1X_ClearInterrupt  vl53l1x_api.o
    0x00000b46   0x00000b46   0x00000032   Code   RO           27    i.VL53L1X_Distance  main.o
    0x00000b78   0x00000b78   0x0000001e   Code   RO          412    i.VL53L1X_GetDistance  vl53l1x_api.o
    0x00000b96   0x00000b96   0x00000002   PAD
    0x00000b98   0x00000b98   0x00000080   Code   RO          417    i.VL53L1X_GetInterMeasurementInMs  vl53l1x_api.o
    0x00000c18   0x00000c18   0x00000032   Code   RO          418    i.VL53L1X_GetInterruptPolarity  vl53l1x_api.o
    0x00000c4a   0x00000c4a   0x000000ae   Code   RO          431    i.VL53L1X_GetTimingBudgetInMs  vl53l1x_api.o
    0x00000cf8   0x00000cf8   0x000000e4   Code   RO           28    i.VL53L1X_RangeInit  main.o
    0x00000ddc   0x00000ddc   0x000000fc   Code   RO          433    i.VL53L1X_SensorInit  vl53l1x_api.o
    0x00000ed8   0x00000ed8   0x0000013c   Code   RO           29    i.VL53L1X_Setup     main.o
    0x00001014   0x00001014   0x00000016   Code   RO          446    i.VL53L1X_StartRanging  vl53l1x_api.o
    0x0000102a   0x0000102a   0x00000016   Code   RO          448    i.VL53L1X_StopRanging  vl53l1x_api.o
    0x00001040   0x00001040   0x00000024   Code   RO          288    i.VL53L1_RdByte     vl53l1_platform.o
    0x00001064   0x00001064   0x00000056   Code   RO          289    i.VL53L1_RdDWord    vl53l1_platform.o
    0x000010ba   0x000010ba   0x00000038   Code   RO          290    i.VL53L1_RdWord     vl53l1_platform.o
    0x000010f2   0x000010f2   0x00000002   PAD
    0x000010f4   0x000010f4   0x00000020   Code   RO          292    i.VL53L1_WaitMs     vl53l1_platform.o
    0x00001114   0x00001114   0x0000001e   Code   RO          293    i.VL53L1_WrByte     vl53l1_platform.o
    0x00001132   0x00001132   0x0000000e   Code   RO          782    i._is_digit         c_w.l(__printf_wp.o)
    0x00001140   0x00001140   0x0000001c   Code   RO          297    i.beginRxI2C        vl53l1_platform.o
    0x0000115c   0x0000115c   0x0000001c   Code   RO          298    i.beginTxI2C        vl53l1_platform.o
    0x00001178   0x00001178   0x0000001c   Code   RO          213    i.delayMilliseconds  systick.o
    0x00001194   0x00001194   0x00000080   Code   RO           31    i.getData           main.o
    0x00001214   0x00001214   0x0000003c   Code   RO           32    i.main              main.o
    0x00001250   0x00001250   0x00000040   Code   RO          299    i.readI2C           vl53l1_platform.o
    0x00001290   0x00001290   0x00000150   Code   RO           33    i.setupGPIO         main.o
    0x000013e0   0x000013e0   0x00000018   Code   RO           34    i.toggleLED_External  main.o
    0x000013f8   0x000013f8   0x0000008c   Code   RO          300    i.writeI2C          vl53l1_platform.o
    0x00001484   0x00001484   0x00000074   Code   RO          301    i.writeRegisterIndex  vl53l1_platform.o
    0x000014f8   0x000014f8   0x00000074   Code   RO          302    i.writeRegisterIndex_nostop  vl53l1_platform.o
    0x0000156c   0x0000156c   0x000002b0   Code   RO          800    x$fpl$ddiv          fz_wm.l(ddiv.o)
    0x0000181c   0x0000181c   0x0000005a   Code   RO          803    x$fpl$dfixu         fz_wm.l(dfixu.o)
    0x00001876   0x00001876   0x00000026   Code   RO          807    x$fpl$dfltu         fz_wm.l(dflt_clz.o)
    0x0000189c   0x0000189c   0x00000154   Code   RO          813    x$fpl$dmul          fz_wm.l(dmul.o)
    0x000019f0   0x000019f0   0x0000009c   Code   RO          823    x$fpl$dnaninf       fz_wm.l(dnaninf.o)
    0x00001a8c   0x00001a8c   0x0000000c   Code   RO          825    x$fpl$dretinf       fz_wm.l(dretinf.o)
    0x00001a98   0x00001a98   0x0000000a   Code   RO          914    x$fpl$fpinit        fz_wm.l(fpinit.o)
    0x00001aa2   0x00001aa2   0x00000000   Code   RO          827    x$fpl$usenofp       fz_wm.l(usenofp.o)
    0x00001aa2   0x00001aa2   0x00000073   Data   RO          450    .constdata          vl53l1x_api.o
    0x00001b15   0x00001b15   0x00000028   Data   RO          755    .constdata          c_w.l(_printf_hex_int.o)
    0x00001b3d   0x00001b3d   0x00000003   PAD
    0x00001b40   0x00001b40   0x00000020   Data   RO          982    Region$$Table       anon$$obj.o


    Execution Region ER_RW (Exec base: 0x20000000, Load base: 0x00001b60, Size: 0x00000004, Max: 0xffffffff, ABSOLUTE)

    Exec Addr    Load Addr    Size         Type   Attr      Idx    E Section Name        Object

    0x20000000   0x00001b60   0x00000004   Data   RW          686    .data               system_msp432e401y.o


    Execution Region ER_ZI (Exec base: 0x20000004, Load base: 0x00001b64, Size: 0x00000a64, Max: 0xffffffff, ABSOLUTE)

    Exec Addr    Load Addr    Size         Type   Attr      Idx    E Section Name        Object

    0x20000004        -       0x000003ff   Zero   RW           36    .bss                main.o
    0x20000403        -       0x000003ff   Zero   RW          246    .bss                uart.o
    0x20000802   0x00001b64   0x00000002   PAD
    0x20000804        -       0x00000060   Zero   RW          856    .bss                c_w.l(libspace.o)
    0x20000864   0x00001b64   0x00000004   PAD
    0x20000868        -       0x00000000   Zero   RW          674    HEAP                startup_msp432e401y_uvision.o
    0x20000868        -       0x00000200   Zero   RW          673    STACK               startup_msp432e401y_uvision.o


==============================================================================

Image component sizes


      Code (inc. data)   RO Data    RW Data    ZI Data      Debug   Object Name

       140         26          0          0          0       4947   i2c.o
      1290        428          0          0       1023       8041   main.o
       288         12          0          0          0        531   pll.o
        60         22        508          0        512        944   startup_msp432e401y_uvision.o
        32         12          0          4          0        723   system_msp432e401y.o
       112         12          0          0          0       2713   systick.o
       372         88          0          0       1023       2663   uart.o
       732         34          0          0          0       7501   vl53l1_platform.o
       796         88        115          0          0       7212   vl53l1x_api.o

    ----------------------------------------------------------------------
      3826        722        655          4       2560      35275   Object Totals
         0          0         32          0          0          0   (incl. Generated)
         4          0          0          0          2          0   (incl. Padding)

    ----------------------------------------------------------------------

      Code (inc. data)   RO Data    RW Data    ZI Data      Debug   Library Member Name

         8          0          0          0          0         68   __main.o
       284          0          0          0          0        156   __printf_wp.o
         0          0          0          0          0          0   __rtentry.o
        12          0          0          0          0          0   __rtentry2.o
         6          0          0          0          0          0   __rtentry4.o
        52          8          0          0          0          0   __scatter.o
        26          0          0          0          0          0   __scatter_copy.o
        28          0          0          0          0          0   __scatter_zi.o
        48          6          0          0          0         96   _printf_char_common.o
         6          0          0          0          0          0   _printf_d.o
       120         16          0          0          0         92   _printf_dec.o
        88          4         40          0          0         88   _printf_hex_int.o
       178          0          0          0          0         88   _printf_intcommon.o
        78          0          0          0          0        108   _printf_pad.o
         0          0          0          0          0          0   _printf_percent.o
         4          0          0          0          0          0   _printf_percent_end.o
         6          0          0          0          0          0   _printf_x.o
        10          0          0          0          0         68   _sputc.o
        18          0          0          0          0         80   exit.o
         6          0          0          0          0        152   heapauxi.o
         0          0          0          0          0          0   indicate_semi.o
         2          0          0          0          0          0   libinit.o
         6          0          0          0          0          0   libinit2.o
         2          0          0          0          0          0   libshutdown.o
         2          0          0          0          0          0   libshutdown2.o
         8          4          0          0         96         68   libspace.o
        40          6          0          0          0         84   noretval__2sprintf.o
         2          0          0          0          0          0   rtexit.o
        10          0          0          0          0          0   rtexit2.o
        12          4          0          0          0         68   sys_exit.o
        74          0          0          0          0         80   sys_stackheap_outer.o
         2          0          0          0          0         68   use_no_semi.o
       688        140          0          0          0        256   ddiv.o
        90          4          0          0          0        140   dfixu.o
        38          0          0          0          0        116   dflt_clz.o
       340         12          0          0          0        152   dmul.o
       156          4          0          0          0        140   dnaninf.o
        12          0          0          0          0        116   dretinf.o
        10          0          0          0          0        116   fpinit.o
         0          0          0          0          0          0   usenofp.o

    ----------------------------------------------------------------------
      2484        208         43          0        100       2400   Library Totals
        12          0          3          0          4          0   (incl. Padding)

    ----------------------------------------------------------------------

      Code (inc. data)   RO Data    RW Data    ZI Data      Debug   Library Name

      1138         48         40          0         96       1364   c_w.l
      1334        160          0          0          0       1036   fz_wm.l

    ----------------------------------------------------------------------
      2484        208         43          0        100       2400   Library Totals

    ----------------------------------------------------------------------

==============================================================================


      Code (inc. data)   RO Data    RW Data    ZI Data      Debug   

      6310        930        698          4       2660      32551   Grand Totals
      6310        930        698          4       2660      32551   ELF Image Totals
      6310        930        698          4          0          0   ROM Totals

==============================================================================

    Total RO  Size (Code + RO Data)                 7008 (   6.84kB)
    Total RW  Size (RW Data + ZI Data)              2664 (   2.60kB)
    Total ROM Size (Code + RO Data + RW Data)       7012 (   6.85kB)

==============================================================================

